[0.007s] Invoking command in '/home/zech/robim_ur20_sim/build/ur20_sim': CMAKE_PREFIX_PATH=${CMAKE_PREFIX_PATH}:/home/zech/exia_ws/install/exia_driver:/home/zech/exia_ws/install/exia_control:/opt/ros/humble /usr/bin/cmake /home/zech/robim_ur20_sim/src/ur20_sim -DAMENT_CMAKE_SYMLINK_INSTALL=1 -DCMAKE_INSTALL_PREFIX=/home/zech/robim_ur20_sim/install/ur20_sim
[0.016s] -- Found ament_cmake: 1.3.14 (/opt/ros/humble/share/ament_cmake/cmake)
[0.098s] -- Override CMake install command with custom implementation using symlinks instead of copying resources
[0.102s] -- Found rclcpp: 16.0.19 (/opt/ros/humble/share/rclcpp/cmake)
[0.119s] -- Found rosidl_generator_c: 3.1.9 (/opt/ros/humble/share/rosidl_generator_c/cmake)
[0.120s] -- Found rosidl_adapter: 3.1.9 (/opt/ros/humble/share/rosidl_adapter/cmake)
[0.123s] -- Found rosidl_generator_cpp: 3.1.9 (/opt/ros/humble/share/rosidl_generator_cpp/cmake)
[0.129s] -- Using all available rosidl_typesupport_c: rosidl_typesupport_fastrtps_c;rosidl_typesupport_introspection_c
[0.136s] -- Using all available rosidl_typesupport_cpp: rosidl_typesupport_fastrtps_cpp;rosidl_typesupport_introspection_cpp
[0.154s] -- Found rmw_implementation_cmake: 6.1.3 (/opt/ros/humble/share/rmw_implementation_cmake/cmake)
[0.155s] -- Found rmw_fastrtps_cpp: 6.2.10 (/opt/ros/humble/share/rmw_fastrtps_cpp/cmake)
[0.231s] -- Using RMW implementation 'rmw_fastrtps_cpp' as default
[0.268s] -- Found moveit_ros_planning_interface: 2.5.9 (/opt/ros/humble/share/moveit_ros_planning_interface/cmake)
[0.275s] -- Found Boost: /usr/lib/x86_64-linux-gnu/cmake/Boost-1.74.0/BoostConfig.cmake (found version "1.74.0") found components: date_time filesystem program_options system thread 
[0.380s] -- Found Boost: /usr/lib/x86_64-linux-gnu/cmake/Boost-1.74.0/BoostConfig.cmake (found version "1.74.0") found components: chrono date_time filesystem iostreams program_options regex serialization system thread 
[0.395s] -- Found parameter_traits: 0.7.5 (/opt/ros/humble/share/parameter_traits/cmake)
[0.399s] -- Found rclcpp_lifecycle: 16.0.19 (/opt/ros/humble/share/rclcpp_lifecycle/cmake)
[0.433s] -- library: /usr/lib/x86_64-linux-gnu/libcurl.so
[0.451s] -- Ensuring Eigen3 include directory is part of orocos-kdl CMake target
[0.523s] -- Found Boost: /usr/lib/x86_64-linux-gnu/cmake/Boost-1.74.0/BoostConfig.cmake (found version "1.74.0") found components: system filesystem date_time program_options thread chrono 
[0.541s] -- Found Boost: /usr/lib/x86_64-linux-gnu/cmake/Boost-1.74.0/BoostConfig.cmake (found version "1.74.0") found components: thread system filesystem regex date_time program_options 
[0.554s] -- Found Boost: /usr/lib/x86_64-linux-gnu/cmake/Boost-1.74.0/BoostConfig.cmake (found version "1.74.0") found components: system filesystem date_time program_options thread 
[0.634s] -- Configuring done
[0.678s] -- Generating done
[0.694s] -- Build files have been written to: /home/zech/robim_ur20_sim/build/ur20_sim
[0.702s] Invoked command in '/home/zech/robim_ur20_sim/build/ur20_sim' returned '0': CMAKE_PREFIX_PATH=${CMAKE_PREFIX_PATH}:/home/zech/exia_ws/install/exia_driver:/home/zech/exia_ws/install/exia_control:/opt/ros/humble /usr/bin/cmake /home/zech/robim_ur20_sim/src/ur20_sim -DAMENT_CMAKE_SYMLINK_INSTALL=1 -DCMAKE_INSTALL_PREFIX=/home/zech/robim_ur20_sim/install/ur20_sim
[0.703s] Invoking command in '/home/zech/robim_ur20_sim/build/ur20_sim': CMAKE_PREFIX_PATH=${CMAKE_PREFIX_PATH}:/home/zech/exia_ws/install/exia_driver:/home/zech/exia_ws/install/exia_control:/opt/ros/humble /usr/bin/cmake --build /home/zech/robim_ur20_sim/build/ur20_sim -- -j20 -l20
[0.747s] Consolidate compiler generated dependencies of target ur20_utils
[0.750s] Consolidate compiler generated dependencies of target room_publisher
[0.761s] [ 16%] Built target ur20_utils
[0.766s] [ 33%] Built target room_publisher
[0.773s] Consolidate compiler generated dependencies of target axis_test
[0.777s] Consolidate compiler generated dependencies of target main_sweep
[0.779s] Consolidate compiler generated dependencies of target tcp_orientate
[0.779s] Consolidate compiler generated dependencies of target sweep_mover
[0.786s] [ 50%] Built target axis_test
[0.789s] [ 58%] Building CXX object CMakeFiles/main_sweep.dir/src/main.cpp.o
[0.790s] [ 75%] Built target tcp_orientate
[0.795s] [ 83%] Building CXX object CMakeFiles/sweep_mover.dir/src/calibration_tests/sweep_mover.cpp.o
[5.640s] [ 91%] Linking CXX executable sweep_mover
[5.661s] [100%] Linking CXX executable main_sweep
[5.845s] [100%] Built target sweep_mover
[5.864s] [100%] Built target main_sweep
[5.873s] Invoked command in '/home/zech/robim_ur20_sim/build/ur20_sim' returned '0': CMAKE_PREFIX_PATH=${CMAKE_PREFIX_PATH}:/home/zech/exia_ws/install/exia_driver:/home/zech/exia_ws/install/exia_control:/opt/ros/humble /usr/bin/cmake --build /home/zech/robim_ur20_sim/build/ur20_sim -- -j20 -l20
[5.881s] Invoking command in '/home/zech/robim_ur20_sim/build/ur20_sim': CMAKE_PREFIX_PATH=${CMAKE_PREFIX_PATH}:/home/zech/exia_ws/install/exia_driver:/home/zech/exia_ws/install/exia_control:/opt/ros/humble /usr/bin/cmake --install /home/zech/robim_ur20_sim/build/ur20_sim
[5.886s] -- Install configuration: ""
[5.887s] -- Execute custom install script
[5.887s] -- Up-to-date symlink: /home/zech/robim_ur20_sim/install/ur20_sim/lib/ur20_sim/main_sweep
[5.887s] -- Up-to-date symlink: /home/zech/robim_ur20_sim/install/ur20_sim/lib/ur20_sim/sweep_mover
[5.887s] -- Up-to-date symlink: /home/zech/robim_ur20_sim/install/ur20_sim/lib/ur20_sim/room_publisher
[5.887s] -- Up-to-date symlink: /home/zech/robim_ur20_sim/install/ur20_sim/lib/ur20_sim/tcp_orientate
[5.887s] -- Up-to-date symlink: /home/zech/robim_ur20_sim/install/ur20_sim/lib/ur20_sim/axis_test
[5.888s] -- Up-to-date symlink: /home/zech/robim_ur20_sim/install/ur20_sim/share/ur20_sim/launch/axis_test.launch.py
[5.888s] -- Up-to-date symlink: /home/zech/robim_ur20_sim/install/ur20_sim/share/ur20_sim/launch/main.launch.py
[5.889s] -- Up-to-date symlink: /home/zech/robim_ur20_sim/install/ur20_sim/share/ur20_sim/launch/sim.launch.py
[5.889s] -- Up-to-date symlink: /home/zech/robim_ur20_sim/install/ur20_sim/share/ur20_sim/launch/sweep.launch.py
[5.889s] -- Up-to-date symlink: /home/zech/robim_ur20_sim/install/ur20_sim/share/ur20_sim/launch/tcp_orientate.launch.py
[5.890s] -- Up-to-date symlink: /home/zech/robim_ur20_sim/install/ur20_sim/share/ur20_sim/config/axis_test.yaml
[5.890s] -- Up-to-date symlink: /home/zech/robim_ur20_sim/install/ur20_sim/share/ur20_sim/config/initial_positions.yaml
[5.890s] -- Up-to-date symlink: /home/zech/robim_ur20_sim/install/ur20_sim/share/ur20_sim/config/main_sweep.yaml
[5.890s] -- Up-to-date symlink: /home/zech/robim_ur20_sim/install/ur20_sim/share/ur20_sim/config/room.yaml
[5.890s] -- Up-to-date symlink: /home/zech/robim_ur20_sim/install/ur20_sim/share/ur20_sim/config/sweep.yaml
[5.891s] -- Up-to-date symlink: /home/zech/robim_ur20_sim/install/ur20_sim/share/ur20_sim/config/tcp_orientate.yaml
[5.891s] -- Up-to-date symlink: /home/zech/robim_ur20_sim/install/ur20_sim/share/ur20_sim/config/ur20/default_kinematics.yaml
[5.891s] -- Up-to-date symlink: /home/zech/robim_ur20_sim/install/ur20_sim/share/ur20_sim/config/ur20/joint_limits.yaml
[5.891s] -- Up-to-date symlink: /home/zech/robim_ur20_sim/install/ur20_sim/share/ur20_sim/config/ur20/physical_parameters.yaml
[5.891s] -- Up-to-date symlink: /home/zech/robim_ur20_sim/install/ur20_sim/share/ur20_sim/config/ur20/visual_parameters.yaml
[5.891s] -- Up-to-date symlink: /home/zech/robim_ur20_sim/install/ur20_sim/share/ur20_sim/config/ur20_calibration.yaml
[5.891s] -- Up-to-date symlink: /home/zech/robim_ur20_sim/install/ur20_sim/share/ur20_sim/urdf/ur20_parked.urdf.xacro
[5.891s] -- Up-to-date symlink: /home/zech/robim_ur20_sim/install/ur20_sim/share/ament_index/resource_index/package_run_dependencies/ur20_sim
[5.891s] -- Up-to-date symlink: /home/zech/robim_ur20_sim/install/ur20_sim/share/ament_index/resource_index/parent_prefix_path/ur20_sim
[5.892s] -- Up-to-date symlink: /home/zech/robim_ur20_sim/install/ur20_sim/share/ur20_sim/environment/ament_prefix_path.sh
[5.892s] -- Up-to-date symlink: /home/zech/robim_ur20_sim/install/ur20_sim/share/ur20_sim/environment/ament_prefix_path.dsv
[5.892s] -- Up-to-date symlink: /home/zech/robim_ur20_sim/install/ur20_sim/share/ur20_sim/environment/path.sh
[5.892s] -- Up-to-date symlink: /home/zech/robim_ur20_sim/install/ur20_sim/share/ur20_sim/environment/path.dsv
[5.892s] -- Up-to-date symlink: /home/zech/robim_ur20_sim/install/ur20_sim/share/ur20_sim/local_setup.bash
[5.892s] -- Up-to-date symlink: /home/zech/robim_ur20_sim/install/ur20_sim/share/ur20_sim/local_setup.sh
[5.892s] -- Up-to-date symlink: /home/zech/robim_ur20_sim/install/ur20_sim/share/ur20_sim/local_setup.zsh
[5.892s] -- Up-to-date symlink: /home/zech/robim_ur20_sim/install/ur20_sim/share/ur20_sim/local_setup.dsv
[5.892s] -- Symlinking: /home/zech/robim_ur20_sim/install/ur20_sim/share/ur20_sim/package.dsv
[5.900s] -- Up-to-date symlink: /home/zech/robim_ur20_sim/install/ur20_sim/share/ament_index/resource_index/packages/ur20_sim
[5.900s] -- Up-to-date symlink: /home/zech/robim_ur20_sim/install/ur20_sim/share/ur20_sim/cmake/ur20_simConfig.cmake
[5.900s] -- Up-to-date symlink: /home/zech/robim_ur20_sim/install/ur20_sim/share/ur20_sim/cmake/ur20_simConfig-version.cmake
[5.900s] -- Up-to-date symlink: /home/zech/robim_ur20_sim/install/ur20_sim/share/ur20_sim/package.xml
[5.901s] Invoked command in '/home/zech/robim_ur20_sim/build/ur20_sim' returned '0': CMAKE_PREFIX_PATH=${CMAKE_PREFIX_PATH}:/home/zech/exia_ws/install/exia_driver:/home/zech/exia_ws/install/exia_control:/opt/ros/humble /usr/bin/cmake --install /home/zech/robim_ur20_sim/build/ur20_sim
