[0.051s] DEBUG:colcon:Command line arguments: ['/usr/bin/colcon', 'build']
[0.051s] DEBUG:colcon:Parsed command line arguments: Namespace(log_base=None, log_level=None, verb_name='build', build_base='build', install_base='install', merge_install=False, symlink_install=False, test_result_base=None, continue_on_error=False, executor='parallel', parallel_workers=20, event_handlers=None, ignore_user_meta=False, metas=['./colcon.meta'], base_paths=['.'], packages_ignore=None, packages_ignore_regex=None, paths=None, packages_up_to=None, packages_up_to_regex=None, packages_above=None, packages_above_and_dependencies=None, packages_above_depth=None, packages_select_by_dep=None, packages_skip_by_dep=None, packages_skip_up_to=None, packages_select_build_failed=False, packages_skip_build_finished=False, packages_select_test_failures=False, packages_skip_test_passed=False, packages_select=None, packages_skip=None, packages_select_regex=None, packages_skip_regex=None, packages_start=None, packages_end=None, allow_overriding=[], cmake_args=None, cmake_target=None, cmake_target_skip_unavailable=False, cmake_clean_cache=False, cmake_clean_first=False, cmake_force_configure=False, ament_cmake_args=None, catkin_cmake_args=None, catkin_skip_building_tests=False, verb_parser=<colcon_defaults.argument_parser.defaults.DefaultArgumentsDecorator object at 0x78ab8756c1c0>, verb_extension=<colcon_core.verb.build.BuildVerb object at 0x78ab87533880>, main=<bound method BuildVerb.main of <colcon_core.verb.build.BuildVerb object at 0x78ab87533880>>)
[0.128s] Level 1:colcon.colcon_core.package_discovery:discover_packages(colcon_meta) check parameters
[0.128s] Level 1:colcon.colcon_core.package_discovery:discover_packages(recursive) check parameters
[0.128s] Level 1:colcon.colcon_core.package_discovery:discover_packages(ignore) check parameters
[0.128s] Level 1:colcon.colcon_core.package_discovery:discover_packages(path) check parameters
[0.128s] Level 1:colcon.colcon_core.package_discovery:discover_packages(colcon_meta) discover
[0.128s] Level 1:colcon.colcon_core.package_discovery:discover_packages(recursive) discover
[0.128s] INFO:colcon.colcon_core.package_discovery:Crawling recursively for packages in '/home/zech/robim_ur20_sim'
[0.128s] Level 1:colcon.colcon_core.package_identification:_identify(.) by extensions ['ignore', 'ignore_ament_install']
[0.128s] Level 1:colcon.colcon_core.package_identification:_identify(.) by extension 'ignore'
[0.128s] Level 1:colcon.colcon_core.package_identification:_identify(.) by extension 'ignore_ament_install'
[0.128s] Level 1:colcon.colcon_core.package_identification:_identify(.) by extensions ['colcon_pkg']
[0.128s] Level 1:colcon.colcon_core.package_identification:_identify(.) by extension 'colcon_pkg'
[0.128s] Level 1:colcon.colcon_core.package_identification:_identify(.) by extensions ['colcon_meta']
[0.128s] Level 1:colcon.colcon_core.package_identification:_identify(.) by extension 'colcon_meta'
[0.128s] Level 1:colcon.colcon_core.package_identification:_identify(.) by extensions ['ros']
[0.128s] Level 1:colcon.colcon_core.package_identification:_identify(.) by extension 'ros'
[0.150s] Level 1:colcon.colcon_core.package_identification:_identify(.) by extensions ['cmake', 'python']
[0.150s] Level 1:colcon.colcon_core.package_identification:_identify(.) by extension 'cmake'
[0.150s] Level 1:colcon.colcon_core.package_identification:_identify(.) by extension 'python'
[0.150s] Level 1:colcon.colcon_core.package_identification:_identify(.) by extensions ['python_setup_py']
[0.150s] Level 1:colcon.colcon_core.package_identification:_identify(.) by extension 'python_setup_py'
[0.150s] Level 1:colcon.colcon_core.package_identification:_identify(build) by extensions ['ignore', 'ignore_ament_install']
[0.151s] Level 1:colcon.colcon_core.package_identification:_identify(build) by extension 'ignore'
[0.151s] Level 1:colcon.colcon_core.package_identification:_identify(build) ignored
[0.151s] Level 1:colcon.colcon_core.package_identification:_identify(install) by extensions ['ignore', 'ignore_ament_install']
[0.151s] Level 1:colcon.colcon_core.package_identification:_identify(install) by extension 'ignore'
[0.151s] Level 1:colcon.colcon_core.package_identification:_identify(install) ignored
[0.151s] Level 1:colcon.colcon_core.package_identification:_identify(log) by extensions ['ignore', 'ignore_ament_install']
[0.151s] Level 1:colcon.colcon_core.package_identification:_identify(log) by extension 'ignore'
[0.151s] Level 1:colcon.colcon_core.package_identification:_identify(log) ignored
[0.151s] Level 1:colcon.colcon_core.package_identification:_identify(src) by extensions ['ignore', 'ignore_ament_install']
[0.151s] Level 1:colcon.colcon_core.package_identification:_identify(src) by extension 'ignore'
[0.151s] Level 1:colcon.colcon_core.package_identification:_identify(src) by extension 'ignore_ament_install'
[0.151s] Level 1:colcon.colcon_core.package_identification:_identify(src) by extensions ['colcon_pkg']
[0.151s] Level 1:colcon.colcon_core.package_identification:_identify(src) by extension 'colcon_pkg'
[0.151s] Level 1:colcon.colcon_core.package_identification:_identify(src) by extensions ['colcon_meta']
[0.151s] Level 1:colcon.colcon_core.package_identification:_identify(src) by extension 'colcon_meta'
[0.151s] Level 1:colcon.colcon_core.package_identification:_identify(src) by extensions ['ros']
[0.151s] Level 1:colcon.colcon_core.package_identification:_identify(src) by extension 'ros'
[0.151s] Level 1:colcon.colcon_core.package_identification:_identify(src) by extensions ['cmake', 'python']
[0.151s] Level 1:colcon.colcon_core.package_identification:_identify(src) by extension 'cmake'
[0.151s] Level 1:colcon.colcon_core.package_identification:_identify(src) by extension 'python'
[0.151s] Level 1:colcon.colcon_core.package_identification:_identify(src) by extensions ['python_setup_py']
[0.151s] Level 1:colcon.colcon_core.package_identification:_identify(src) by extension 'python_setup_py'
[0.151s] Level 1:colcon.colcon_core.package_identification:_identify(src/ur20_sim) by extensions ['ignore', 'ignore_ament_install']
[0.151s] Level 1:colcon.colcon_core.package_identification:_identify(src/ur20_sim) by extension 'ignore'
[0.151s] Level 1:colcon.colcon_core.package_identification:_identify(src/ur20_sim) by extension 'ignore_ament_install'
[0.151s] Level 1:colcon.colcon_core.package_identification:_identify(src/ur20_sim) by extensions ['colcon_pkg']
[0.151s] Level 1:colcon.colcon_core.package_identification:_identify(src/ur20_sim) by extension 'colcon_pkg'
[0.151s] Level 1:colcon.colcon_core.package_identification:_identify(src/ur20_sim) by extensions ['colcon_meta']
[0.151s] Level 1:colcon.colcon_core.package_identification:_identify(src/ur20_sim) by extension 'colcon_meta'
[0.151s] Level 1:colcon.colcon_core.package_identification:_identify(src/ur20_sim) by extensions ['ros']
[0.151s] Level 1:colcon.colcon_core.package_identification:_identify(src/ur20_sim) by extension 'ros'
[0.153s] DEBUG:colcon.colcon_core.package_identification:Package 'src/ur20_sim' with type 'ros.ament_cmake' and name 'ur20_sim'
[0.153s] Level 1:colcon.colcon_core.package_discovery:discover_packages(recursive) using defaults
[0.153s] Level 1:colcon.colcon_core.package_discovery:discover_packages(ignore) discover
[0.153s] Level 1:colcon.colcon_core.package_discovery:discover_packages(ignore) using defaults
[0.153s] Level 1:colcon.colcon_core.package_discovery:discover_packages(path) discover
[0.153s] Level 1:colcon.colcon_core.package_discovery:discover_packages(path) using defaults
[0.164s] Level 1:colcon.colcon_core.package_discovery:discover_packages(prefix_path) check parameters
[0.165s] Level 1:colcon.colcon_core.package_discovery:discover_packages(prefix_path) discover
[0.165s] WARNING:colcon.colcon_ros.prefix_path.ament:The path '/home/zech/robim_ur20_sim/install/robim_ur20_sim' in the environment variable AMENT_PREFIX_PATH doesn't exist
[0.165s] WARNING:colcon.colcon_ros.prefix_path.catkin:The path '/home/zech/robim_ur20_sim/install/robim_ur20_sim' in the environment variable CMAKE_PREFIX_PATH doesn't exist
[0.166s] DEBUG:colcon.colcon_installed_package_information.package_discovery:Found 1 installed packages in /home/zech/robim_ur20_sim/install
[0.166s] DEBUG:colcon.colcon_installed_package_information.package_discovery:Found 4 installed packages in /home/zech/exia_ws/install
[0.166s] DEBUG:colcon.colcon_installed_package_information.package_discovery:Found 2 installed packages in /home/zech/ros2_ws/install
[0.167s] DEBUG:colcon.colcon_installed_package_information.package_discovery:Found 396 installed packages in /opt/ros/humble
[0.168s] Level 1:colcon.colcon_core.package_discovery:discover_packages(prefix_path) using defaults
[0.190s] Level 5:colcon.colcon_core.verb:set package 'ur20_sim' build argument 'cmake_args' from command line to 'None'
[0.190s] Level 5:colcon.colcon_core.verb:set package 'ur20_sim' build argument 'cmake_target' from command line to 'None'
[0.190s] Level 5:colcon.colcon_core.verb:set package 'ur20_sim' build argument 'cmake_target_skip_unavailable' from command line to 'False'
[0.190s] Level 5:colcon.colcon_core.verb:set package 'ur20_sim' build argument 'cmake_clean_cache' from command line to 'False'
[0.190s] Level 5:colcon.colcon_core.verb:set package 'ur20_sim' build argument 'cmake_clean_first' from command line to 'False'
[0.190s] Level 5:colcon.colcon_core.verb:set package 'ur20_sim' build argument 'cmake_force_configure' from command line to 'False'
[0.190s] Level 5:colcon.colcon_core.verb:set package 'ur20_sim' build argument 'ament_cmake_args' from command line to 'None'
[0.190s] Level 5:colcon.colcon_core.verb:set package 'ur20_sim' build argument 'catkin_cmake_args' from command line to 'None'
[0.190s] Level 5:colcon.colcon_core.verb:set package 'ur20_sim' build argument 'catkin_skip_building_tests' from command line to 'False'
[0.190s] DEBUG:colcon.colcon_core.verb:Building package 'ur20_sim' with the following arguments: {'ament_cmake_args': None, 'build_base': '/home/zech/robim_ur20_sim/build/ur20_sim', 'catkin_cmake_args': None, 'catkin_skip_building_tests': False, 'cmake_args': None, 'cmake_clean_cache': False, 'cmake_clean_first': False, 'cmake_force_configure': False, 'cmake_target': None, 'cmake_target_skip_unavailable': False, 'install_base': '/home/zech/robim_ur20_sim/install/ur20_sim', 'merge_install': False, 'path': '/home/zech/robim_ur20_sim/src/ur20_sim', 'symlink_install': False, 'test_result_base': None}
[0.190s] INFO:colcon.colcon_core.executor:Executing jobs using 'parallel' executor
[0.191s] DEBUG:colcon.colcon_parallel_executor.executor.parallel:run_until_complete
[0.191s] INFO:colcon.colcon_ros.task.ament_cmake.build:Building ROS package in '/home/zech/robim_ur20_sim/src/ur20_sim' with build type 'ament_cmake'
[0.191s] INFO:colcon.colcon_cmake.task.cmake.build:Building CMake package in '/home/zech/robim_ur20_sim/src/ur20_sim'
[0.193s] INFO:colcon.colcon_core.plugin_system:Skipping extension 'colcon_core.shell.bat': Not used on non-Windows systems
[0.193s] INFO:colcon.colcon_core.shell:Skip shell extension 'powershell' for command environment: Not usable outside of PowerShell
[0.193s] DEBUG:colcon.colcon_core.shell:Skip shell extension 'dsv' for command environment
[0.199s] DEBUG:colcon.colcon_core.event_handler.log_command:Invoking command in '/home/zech/robim_ur20_sim/build/ur20_sim': CMAKE_PREFIX_PATH=${CMAKE_PREFIX_PATH}:/home/zech/exia_ws/install/exia_driver:/home/zech/exia_ws/install/exia_control:/opt/ros/humble /usr/bin/cmake --build /home/zech/robim_ur20_sim/build/ur20_sim -- -j20 -l20
[4.404s] DEBUG:colcon.colcon_core.event_handler.log_command:Invoked command in '/home/zech/robim_ur20_sim/build/ur20_sim' returned '0': CMAKE_PREFIX_PATH=${CMAKE_PREFIX_PATH}:/home/zech/exia_ws/install/exia_driver:/home/zech/exia_ws/install/exia_control:/opt/ros/humble /usr/bin/cmake --build /home/zech/robim_ur20_sim/build/ur20_sim -- -j20 -l20
[4.409s] DEBUG:colcon.colcon_core.event_handler.log_command:Invoking command in '/home/zech/robim_ur20_sim/build/ur20_sim': CMAKE_PREFIX_PATH=${CMAKE_PREFIX_PATH}:/home/zech/exia_ws/install/exia_driver:/home/zech/exia_ws/install/exia_control:/opt/ros/humble /usr/bin/cmake --install /home/zech/robim_ur20_sim/build/ur20_sim
[4.422s] Level 1:colcon.colcon_core.environment:create_environment_scripts_only(ur20_sim)
[4.422s] DEBUG:colcon.colcon_core.event_handler.log_command:Invoked command in '/home/zech/robim_ur20_sim/build/ur20_sim' returned '0': CMAKE_PREFIX_PATH=${CMAKE_PREFIX_PATH}:/home/zech/exia_ws/install/exia_driver:/home/zech/exia_ws/install/exia_control:/opt/ros/humble /usr/bin/cmake --install /home/zech/robim_ur20_sim/build/ur20_sim
[4.424s] Level 1:colcon.colcon_core.environment:checking '/home/zech/robim_ur20_sim/install/ur20_sim' for CMake module files
[4.424s] Level 1:colcon.colcon_core.environment:checking '/home/zech/robim_ur20_sim/install/ur20_sim' for CMake config files
[4.425s] Level 1:colcon.colcon_core.shell:create_environment_hook('ur20_sim', 'cmake_prefix_path')
[4.425s] INFO:colcon.colcon_core.shell:Creating environment hook '/home/zech/robim_ur20_sim/install/ur20_sim/share/ur20_sim/hook/cmake_prefix_path.ps1'
[4.425s] INFO:colcon.colcon_core.shell:Creating environment descriptor '/home/zech/robim_ur20_sim/install/ur20_sim/share/ur20_sim/hook/cmake_prefix_path.dsv'
[4.426s] INFO:colcon.colcon_core.shell:Creating environment hook '/home/zech/robim_ur20_sim/install/ur20_sim/share/ur20_sim/hook/cmake_prefix_path.sh'
[4.427s] Level 1:colcon.colcon_core.environment:checking '/home/zech/robim_ur20_sim/install/ur20_sim/lib'
[4.427s] Level 1:colcon.colcon_core.environment:checking '/home/zech/robim_ur20_sim/install/ur20_sim/bin'
[4.427s] Level 1:colcon.colcon_core.environment:checking '/home/zech/robim_ur20_sim/install/ur20_sim/lib/pkgconfig/ur20_sim.pc'
[4.427s] Level 1:colcon.colcon_core.environment:checking '/home/zech/robim_ur20_sim/install/ur20_sim/lib/python3.10/site-packages'
[4.427s] Level 1:colcon.colcon_core.environment:checking '/home/zech/robim_ur20_sim/install/ur20_sim/bin'
[4.428s] INFO:colcon.colcon_core.shell:Creating package script '/home/zech/robim_ur20_sim/install/ur20_sim/share/ur20_sim/package.ps1'
[4.428s] INFO:colcon.colcon_core.shell:Creating package descriptor '/home/zech/robim_ur20_sim/install/ur20_sim/share/ur20_sim/package.dsv'
[4.428s] INFO:colcon.colcon_core.shell:Creating package script '/home/zech/robim_ur20_sim/install/ur20_sim/share/ur20_sim/package.sh'
[4.429s] INFO:colcon.colcon_core.shell:Creating package script '/home/zech/robim_ur20_sim/install/ur20_sim/share/ur20_sim/package.bash'
[4.429s] INFO:colcon.colcon_core.shell:Creating package script '/home/zech/robim_ur20_sim/install/ur20_sim/share/ur20_sim/package.zsh'
[4.429s] Level 1:colcon.colcon_core.environment:create_file_with_runtime_dependencies(/home/zech/robim_ur20_sim/install/ur20_sim/share/colcon-core/packages/ur20_sim)
[4.430s] Level 1:colcon.colcon_core.environment:create_environment_scripts_only(ur20_sim)
[4.430s] Level 1:colcon.colcon_core.environment:checking '/home/zech/robim_ur20_sim/install/ur20_sim' for CMake module files
[4.430s] Level 1:colcon.colcon_core.environment:checking '/home/zech/robim_ur20_sim/install/ur20_sim' for CMake config files
[4.430s] Level 1:colcon.colcon_core.shell:create_environment_hook('ur20_sim', 'cmake_prefix_path')
[4.430s] INFO:colcon.colcon_core.shell:Creating environment hook '/home/zech/robim_ur20_sim/install/ur20_sim/share/ur20_sim/hook/cmake_prefix_path.ps1'
[4.430s] INFO:colcon.colcon_core.shell:Creating environment descriptor '/home/zech/robim_ur20_sim/install/ur20_sim/share/ur20_sim/hook/cmake_prefix_path.dsv'
[4.431s] INFO:colcon.colcon_core.shell:Creating environment hook '/home/zech/robim_ur20_sim/install/ur20_sim/share/ur20_sim/hook/cmake_prefix_path.sh'
[4.431s] Level 1:colcon.colcon_core.environment:checking '/home/zech/robim_ur20_sim/install/ur20_sim/lib'
[4.431s] Level 1:colcon.colcon_core.environment:checking '/home/zech/robim_ur20_sim/install/ur20_sim/bin'
[4.431s] Level 1:colcon.colcon_core.environment:checking '/home/zech/robim_ur20_sim/install/ur20_sim/lib/pkgconfig/ur20_sim.pc'
[4.431s] Level 1:colcon.colcon_core.environment:checking '/home/zech/robim_ur20_sim/install/ur20_sim/lib/python3.10/site-packages'
[4.431s] Level 1:colcon.colcon_core.environment:checking '/home/zech/robim_ur20_sim/install/ur20_sim/bin'
[4.431s] INFO:colcon.colcon_core.shell:Creating package script '/home/zech/robim_ur20_sim/install/ur20_sim/share/ur20_sim/package.ps1'
[4.432s] INFO:colcon.colcon_core.shell:Creating package descriptor '/home/zech/robim_ur20_sim/install/ur20_sim/share/ur20_sim/package.dsv'
[4.432s] INFO:colcon.colcon_core.shell:Creating package script '/home/zech/robim_ur20_sim/install/ur20_sim/share/ur20_sim/package.sh'
[4.432s] INFO:colcon.colcon_core.shell:Creating package script '/home/zech/robim_ur20_sim/install/ur20_sim/share/ur20_sim/package.bash'
[4.432s] INFO:colcon.colcon_core.shell:Creating package script '/home/zech/robim_ur20_sim/install/ur20_sim/share/ur20_sim/package.zsh'
[4.433s] Level 1:colcon.colcon_core.environment:create_file_with_runtime_dependencies(/home/zech/robim_ur20_sim/install/ur20_sim/share/colcon-core/packages/ur20_sim)
[4.433s] DEBUG:colcon.colcon_parallel_executor.executor.parallel:closing loop
[4.433s] DEBUG:colcon.colcon_parallel_executor.executor.parallel:loop closed
[4.433s] DEBUG:colcon.colcon_parallel_executor.executor.parallel:run_until_complete finished with '0'
[4.433s] DEBUG:colcon.colcon_core.event_reactor:joining thread
[4.435s] INFO:colcon.colcon_core.plugin_system:Skipping extension 'colcon_notification.desktop_notification.terminal_notifier': Not used on non-Darwin systems
[4.435s] INFO:colcon.colcon_core.plugin_system:Skipping extension 'colcon_notification.desktop_notification.win32': Not used on non-Windows systems
[4.435s] INFO:colcon.colcon_notification.desktop_notification:Sending desktop notification using 'notify2'
[4.443s] DEBUG:colcon.colcon_core.event_reactor:joined thread
[4.444s] INFO:colcon.colcon_core.shell:Creating prefix script '/home/zech/robim_ur20_sim/install/local_setup.ps1'
[4.445s] INFO:colcon.colcon_core.shell:Creating prefix util module '/home/zech/robim_ur20_sim/install/_local_setup_util_ps1.py'
[4.446s] INFO:colcon.colcon_core.shell:Creating prefix chain script '/home/zech/robim_ur20_sim/install/setup.ps1'
[4.447s] INFO:colcon.colcon_core.shell:Creating prefix script '/home/zech/robim_ur20_sim/install/local_setup.sh'
[4.447s] INFO:colcon.colcon_core.shell:Creating prefix util module '/home/zech/robim_ur20_sim/install/_local_setup_util_sh.py'
[4.448s] INFO:colcon.colcon_core.shell:Creating prefix chain script '/home/zech/robim_ur20_sim/install/setup.sh'
[4.448s] INFO:colcon.colcon_core.shell:Creating prefix script '/home/zech/robim_ur20_sim/install/local_setup.bash'
[4.449s] INFO:colcon.colcon_core.shell:Creating prefix chain script '/home/zech/robim_ur20_sim/install/setup.bash'
[4.450s] INFO:colcon.colcon_core.shell:Creating prefix script '/home/zech/robim_ur20_sim/install/local_setup.zsh'
[4.450s] INFO:colcon.colcon_core.shell:Creating prefix chain script '/home/zech/robim_ur20_sim/install/setup.zsh'
