[0.008s] Invoking command in '/home/zech/robim_ur20_sim/build/ur20_sim': CMAKE_PREFIX_PATH=${CMAKE_PREFIX_PATH}:/home/zech/exia_ws/install/exia_driver:/home/zech/exia_ws/install/exia_control:/opt/ros/humble /usr/bin/cmake --build /home/zech/robim_ur20_sim/build/ur20_sim -- -j20 -l20
[0.067s] [ 16%] Built target ur20_utils
[0.068s] [ 33%] Built target room_publisher
[0.097s] [ 50%] Built target tcp_orientate
[0.098s] [ 66%] Built target sweep_mover
[0.098s] [100%] Built target main_sweep
[0.098s] [100%] Built target axis_test
[0.107s] Invoked command in '/home/zech/robim_ur20_sim/build/ur20_sim' returned '0': CMAKE_PREFIX_PATH=${CMAKE_PREFIX_PATH}:/home/zech/exia_ws/install/exia_driver:/home/zech/exia_ws/install/exia_control:/opt/ros/humble /usr/bin/cmake --build /home/zech/robim_ur20_sim/build/ur20_sim -- -j20 -l20
[0.116s] Invoking command in '/home/zech/robim_ur20_sim/build/ur20_sim': CMAKE_PREFIX_PATH=${CMAKE_PREFIX_PATH}:/home/zech/exia_ws/install/exia_driver:/home/zech/exia_ws/install/exia_control:/opt/ros/humble /usr/bin/cmake --install /home/zech/robim_ur20_sim/build/ur20_sim
[0.120s] -- Install configuration: ""
[0.120s] -- Execute custom install script
[0.120s] -- Up-to-date symlink: /home/zech/robim_ur20_sim/install/ur20_sim/lib/ur20_sim/main_sweep
[0.120s] -- Up-to-date symlink: /home/zech/robim_ur20_sim/install/ur20_sim/lib/ur20_sim/sweep_mover
[0.121s] -- Up-to-date symlink: /home/zech/robim_ur20_sim/install/ur20_sim/lib/ur20_sim/room_publisher
[0.121s] -- Up-to-date symlink: /home/zech/robim_ur20_sim/install/ur20_sim/lib/ur20_sim/tcp_orientate
[0.121s] -- Up-to-date symlink: /home/zech/robim_ur20_sim/install/ur20_sim/lib/ur20_sim/axis_test
[0.121s] -- Up-to-date symlink: /home/zech/robim_ur20_sim/install/ur20_sim/share/ur20_sim/launch/axis_test.launch.py
[0.121s] -- Up-to-date symlink: /home/zech/robim_ur20_sim/install/ur20_sim/share/ur20_sim/launch/main.launch.py
[0.121s] -- Up-to-date symlink: /home/zech/robim_ur20_sim/install/ur20_sim/share/ur20_sim/launch/sim.launch.py
[0.121s] -- Up-to-date symlink: /home/zech/robim_ur20_sim/install/ur20_sim/share/ur20_sim/launch/sweep.launch.py
[0.121s] -- Up-to-date symlink: /home/zech/robim_ur20_sim/install/ur20_sim/share/ur20_sim/launch/tcp_orientate.launch.py
[0.121s] -- Up-to-date symlink: /home/zech/robim_ur20_sim/install/ur20_sim/share/ur20_sim/config/axis_test.yaml
[0.121s] -- Up-to-date symlink: /home/zech/robim_ur20_sim/install/ur20_sim/share/ur20_sim/config/initial_positions.yaml
[0.121s] -- Up-to-date symlink: /home/zech/robim_ur20_sim/install/ur20_sim/share/ur20_sim/config/main_sweep.yaml
[0.121s] -- Up-to-date symlink: /home/zech/robim_ur20_sim/install/ur20_sim/share/ur20_sim/config/room.yaml
[0.121s] -- Up-to-date symlink: /home/zech/robim_ur20_sim/install/ur20_sim/share/ur20_sim/config/sweep.yaml
[0.121s] -- Up-to-date symlink: /home/zech/robim_ur20_sim/install/ur20_sim/share/ur20_sim/config/tcp_orientate.yaml
[0.121s] -- Up-to-date symlink: /home/zech/robim_ur20_sim/install/ur20_sim/share/ur20_sim/config/ur20/default_kinematics.yaml
[0.121s] -- Up-to-date symlink: /home/zech/robim_ur20_sim/install/ur20_sim/share/ur20_sim/config/ur20/joint_limits.yaml
[0.121s] -- Up-to-date symlink: /home/zech/robim_ur20_sim/install/ur20_sim/share/ur20_sim/config/ur20/physical_parameters.yaml
[0.121s] -- Up-to-date symlink: /home/zech/robim_ur20_sim/install/ur20_sim/share/ur20_sim/config/ur20/visual_parameters.yaml
[0.121s] -- Up-to-date symlink: /home/zech/robim_ur20_sim/install/ur20_sim/share/ur20_sim/config/ur20_calibration.yaml
[0.122s] -- Up-to-date symlink: /home/zech/robim_ur20_sim/install/ur20_sim/share/ur20_sim/urdf/ur20_parked.urdf.xacro
[0.122s] -- Up-to-date symlink: /home/zech/robim_ur20_sim/install/ur20_sim/share/ament_index/resource_index/package_run_dependencies/ur20_sim
[0.122s] -- Up-to-date symlink: /home/zech/robim_ur20_sim/install/ur20_sim/share/ament_index/resource_index/parent_prefix_path/ur20_sim
[0.122s] -- Up-to-date symlink: /home/zech/robim_ur20_sim/install/ur20_sim/share/ur20_sim/environment/ament_prefix_path.sh
[0.122s] -- Up-to-date symlink: /home/zech/robim_ur20_sim/install/ur20_sim/share/ur20_sim/environment/ament_prefix_path.dsv
[0.122s] -- Up-to-date symlink: /home/zech/robim_ur20_sim/install/ur20_sim/share/ur20_sim/environment/path.sh
[0.122s] -- Up-to-date symlink: /home/zech/robim_ur20_sim/install/ur20_sim/share/ur20_sim/environment/path.dsv
[0.122s] -- Up-to-date symlink: /home/zech/robim_ur20_sim/install/ur20_sim/share/ur20_sim/local_setup.bash
[0.122s] -- Up-to-date symlink: /home/zech/robim_ur20_sim/install/ur20_sim/share/ur20_sim/local_setup.sh
[0.122s] -- Up-to-date symlink: /home/zech/robim_ur20_sim/install/ur20_sim/share/ur20_sim/local_setup.zsh
[0.122s] -- Up-to-date symlink: /home/zech/robim_ur20_sim/install/ur20_sim/share/ur20_sim/local_setup.dsv
[0.122s] -- Symlinking: /home/zech/robim_ur20_sim/install/ur20_sim/share/ur20_sim/package.dsv
[0.127s] -- Up-to-date symlink: /home/zech/robim_ur20_sim/install/ur20_sim/share/ament_index/resource_index/packages/ur20_sim
[0.127s] -- Up-to-date symlink: /home/zech/robim_ur20_sim/install/ur20_sim/share/ur20_sim/cmake/ur20_simConfig.cmake
[0.127s] -- Up-to-date symlink: /home/zech/robim_ur20_sim/install/ur20_sim/share/ur20_sim/cmake/ur20_simConfig-version.cmake
[0.127s] -- Up-to-date symlink: /home/zech/robim_ur20_sim/install/ur20_sim/share/ur20_sim/package.xml
[0.129s] Invoked command in '/home/zech/robim_ur20_sim/build/ur20_sim' returned '0': CMAKE_PREFIX_PATH=${CMAKE_PREFIX_PATH}:/home/zech/exia_ws/install/exia_driver:/home/zech/exia_ws/install/exia_control:/opt/ros/humble /usr/bin/cmake --install /home/zech/robim_ur20_sim/build/ur20_sim
