[0.007s] Invoking command in '/home/zech/robim_ur20_sim/build/robim_ur20_sim': CMAKE_PREFIX_PATH=${CMAKE_PREFIX_PATH}:/home/zech/exia_ws/install/exia_driver:/home/zech/exia_ws/install/exia_control:/opt/ros/humble /usr/bin/cmake /home/zech/robim_ur20_sim/src/robim_ur20_sim -DAMENT_CMAKE_SYMLINK_INSTALL=1 -DCMAKE_INSTALL_PREFIX=/home/zech/robim_ur20_sim/install/robim_ur20_sim
[0.091s] -- The C compiler identification is GNU 11.4.0
[0.155s] -- The CXX compiler identification is GNU 11.4.0
[0.161s] -- Detecting C compiler ABI info
[0.224s] -- Detecting C compiler ABI info - done
[0.232s] -- Check for working C compiler: /usr/bin/cc - skipped
[0.233s] -- Detecting C compile features
[0.234s] -- Detecting C compile features - done
[0.238s] -- Detecting CXX compiler ABI info
[0.330s] -- Detecting CXX compiler ABI info - done
[0.337s] -- Check for working CXX compiler: /usr/bin/c++ - skipped
[0.338s] -- Detecting CXX compile features
[0.338s] -- Detecting CXX compile features - done
[0.343s] -- Found ament_cmake: 1.3.14 (/opt/ros/humble/share/ament_cmake/cmake)
[0.466s] -- Found Python3: /usr/bin/python3 (found version "3.10.12") found components: Interpreter 
[0.504s] -- Override CMake install command with custom implementation using symlinks instead of copying resources
[0.531s] -- Found rclcpp: 16.0.19 (/opt/ros/humble/share/rclcpp/cmake)
[0.566s] -- Found rosidl_generator_c: 3.1.9 (/opt/ros/humble/share/rosidl_generator_c/cmake)
[0.570s] -- Found rosidl_adapter: 3.1.9 (/opt/ros/humble/share/rosidl_adapter/cmake)
[0.577s] -- Found rosidl_generator_cpp: 3.1.9 (/opt/ros/humble/share/rosidl_generator_cpp/cmake)
[0.587s] -- Using all available rosidl_typesupport_c: rosidl_typesupport_fastrtps_c;rosidl_typesupport_introspection_c
[0.599s] -- Using all available rosidl_typesupport_cpp: rosidl_typesupport_fastrtps_cpp;rosidl_typesupport_introspection_cpp
[0.632s] -- Found rmw_implementation_cmake: 6.1.3 (/opt/ros/humble/share/rmw_implementation_cmake/cmake)
[0.635s] -- Found rmw_fastrtps_cpp: 6.2.10 (/opt/ros/humble/share/rmw_fastrtps_cpp/cmake)
[0.721s] -- Found OpenSSL: /usr/lib/x86_64-linux-gnu/libcrypto.so (found version "3.0.2")  
[0.752s] -- Found FastRTPS: /opt/ros/humble/include  
[0.778s] -- Using RMW implementation 'rmw_fastrtps_cpp' as default
[0.786s] -- Looking for pthread.h
[0.863s] -- Looking for pthread.h - found
[0.864s] -- Performing Test CMAKE_HAVE_LIBC_PTHREAD
[0.941s] -- Performing Test CMAKE_HAVE_LIBC_PTHREAD - Success
[0.942s] -- Found Threads: TRUE  
[0.988s] -- Found moveit_ros_planning_interface: 2.5.9 (/opt/ros/humble/share/moveit_ros_planning_interface/cmake)
[1.008s] -- Found Boost: /usr/lib/x86_64-linux-gnu/cmake/Boost-1.74.0/BoostConfig.cmake (found version "1.74.0") found components: date_time filesystem program_options system thread 
[1.119s] -- Found Boost: /usr/lib/x86_64-linux-gnu/cmake/Boost-1.74.0/BoostConfig.cmake (found version "1.74.0") found components: chrono date_time filesystem iostreams program_options regex serialization system thread 
[1.149s] -- Found parameter_traits: 0.7.5 (/opt/ros/humble/share/parameter_traits/cmake)
[1.161s] -- Found rclcpp_lifecycle: 16.0.19 (/opt/ros/humble/share/rclcpp_lifecycle/cmake)
[1.264s] -- library: /usr/lib/x86_64-linux-gnu/libcurl.so
[1.293s] -- Found Eigen3: TRUE (found version "3.4.0") 
[1.293s] -- Ensuring Eigen3 include directory is part of orocos-kdl CMake target
[1.393s] -- Found Boost: /usr/lib/x86_64-linux-gnu/cmake/Boost-1.74.0/BoostConfig.cmake (found version "1.74.0") found components: system filesystem date_time program_options thread chrono 
[1.411s] -- Found Boost: /usr/lib/x86_64-linux-gnu/cmake/Boost-1.74.0/BoostConfig.cmake (found version "1.74.0") found components: thread system filesystem regex date_time program_options 
[1.423s] -- Found Boost: /usr/lib/x86_64-linux-gnu/cmake/Boost-1.74.0/BoostConfig.cmake (found version "1.74.0") found components: system filesystem date_time program_options thread 
[1.497s] -- Configuring done
[1.516s] -- Generating done
[1.520s] -- Build files have been written to: /home/zech/robim_ur20_sim/build/robim_ur20_sim
[1.528s] Invoked command in '/home/zech/robim_ur20_sim/build/robim_ur20_sim' returned '0': CMAKE_PREFIX_PATH=${CMAKE_PREFIX_PATH}:/home/zech/exia_ws/install/exia_driver:/home/zech/exia_ws/install/exia_control:/opt/ros/humble /usr/bin/cmake /home/zech/robim_ur20_sim/src/robim_ur20_sim -DAMENT_CMAKE_SYMLINK_INSTALL=1 -DCMAKE_INSTALL_PREFIX=/home/zech/robim_ur20_sim/install/robim_ur20_sim
[1.529s] Invoking command in '/home/zech/robim_ur20_sim/build/robim_ur20_sim': CMAKE_PREFIX_PATH=${CMAKE_PREFIX_PATH}:/home/zech/exia_ws/install/exia_driver:/home/zech/exia_ws/install/exia_control:/opt/ros/humble /usr/bin/cmake --build /home/zech/robim_ur20_sim/build/robim_ur20_sim -- -j20 -l20
[1.574s] [ 50%] Building CXX object CMakeFiles/waypoint_mover.dir/src/waypoint_mover.cpp.o
[5.481s] [100%] Linking CXX executable waypoint_mover
[5.715s] [100%] Built target waypoint_mover
[5.723s] Invoked command in '/home/zech/robim_ur20_sim/build/robim_ur20_sim' returned '0': CMAKE_PREFIX_PATH=${CMAKE_PREFIX_PATH}:/home/zech/exia_ws/install/exia_driver:/home/zech/exia_ws/install/exia_control:/opt/ros/humble /usr/bin/cmake --build /home/zech/robim_ur20_sim/build/robim_ur20_sim -- -j20 -l20
[5.733s] Invoking command in '/home/zech/robim_ur20_sim/build/robim_ur20_sim': CMAKE_PREFIX_PATH=${CMAKE_PREFIX_PATH}:/home/zech/exia_ws/install/exia_driver:/home/zech/exia_ws/install/exia_control:/opt/ros/humble /usr/bin/cmake --install /home/zech/robim_ur20_sim/build/robim_ur20_sim
[5.740s] -- Install configuration: ""
[5.741s] -- Execute custom install script
[5.741s] -- Symlinking: /home/zech/robim_ur20_sim/install/robim_ur20_sim/lib/robim_ur20_sim/waypoint_mover
[5.750s] -- Symlinking: /home/zech/robim_ur20_sim/install/robim_ur20_sim/share/robim_ur20_sim/launch/move_waypoints.launch.py
[5.761s] -- Symlinking: /home/zech/robim_ur20_sim/install/robim_ur20_sim/share/robim_ur20_sim/launch/sim.launch.py
[5.770s] -- Symlinking: /home/zech/robim_ur20_sim/install/robim_ur20_sim/share/robim_ur20_sim/config/waypoints.yaml
[5.779s] -- Symlinking: /home/zech/robim_ur20_sim/install/robim_ur20_sim/share/ament_index/resource_index/package_run_dependencies/robim_ur20_sim
[5.788s] -- Symlinking: /home/zech/robim_ur20_sim/install/robim_ur20_sim/share/ament_index/resource_index/parent_prefix_path/robim_ur20_sim
[5.799s] -- Symlinking: /home/zech/robim_ur20_sim/install/robim_ur20_sim/share/robim_ur20_sim/environment/ament_prefix_path.sh
[5.810s] -- Symlinking: /home/zech/robim_ur20_sim/install/robim_ur20_sim/share/robim_ur20_sim/environment/ament_prefix_path.dsv
[5.820s] -- Symlinking: /home/zech/robim_ur20_sim/install/robim_ur20_sim/share/robim_ur20_sim/environment/path.sh
[5.829s] -- Symlinking: /home/zech/robim_ur20_sim/install/robim_ur20_sim/share/robim_ur20_sim/environment/path.dsv
[5.836s] -- Symlinking: /home/zech/robim_ur20_sim/install/robim_ur20_sim/share/robim_ur20_sim/local_setup.bash
[5.841s] -- Symlinking: /home/zech/robim_ur20_sim/install/robim_ur20_sim/share/robim_ur20_sim/local_setup.sh
[5.847s] -- Symlinking: /home/zech/robim_ur20_sim/install/robim_ur20_sim/share/robim_ur20_sim/local_setup.zsh
[5.852s] -- Symlinking: /home/zech/robim_ur20_sim/install/robim_ur20_sim/share/robim_ur20_sim/local_setup.dsv
[5.859s] -- Symlinking: /home/zech/robim_ur20_sim/install/robim_ur20_sim/share/robim_ur20_sim/package.dsv
[5.864s] -- Symlinking: /home/zech/robim_ur20_sim/install/robim_ur20_sim/share/ament_index/resource_index/packages/robim_ur20_sim
[5.869s] -- Symlinking: /home/zech/robim_ur20_sim/install/robim_ur20_sim/share/robim_ur20_sim/cmake/robim_ur20_simConfig.cmake
[5.876s] -- Symlinking: /home/zech/robim_ur20_sim/install/robim_ur20_sim/share/robim_ur20_sim/cmake/robim_ur20_simConfig-version.cmake
[5.880s] -- Symlinking: /home/zech/robim_ur20_sim/install/robim_ur20_sim/share/robim_ur20_sim/package.xml
[5.886s] Invoked command in '/home/zech/robim_ur20_sim/build/robim_ur20_sim' returned '0': CMAKE_PREFIX_PATH=${CMAKE_PREFIX_PATH}:/home/zech/exia_ws/install/exia_driver:/home/zech/exia_ws/install/exia_control:/opt/ros/humble /usr/bin/cmake --install /home/zech/robim_ur20_sim/build/robim_ur20_sim
