[0.057s] DEBUG:colcon:Command line arguments: ['/usr/bin/colcon', 'build', '--symlink-install']
[0.057s] DEBUG:colcon:Parsed command line arguments: Namespace(log_base=None, log_level=None, verb_name='build', build_base='build', install_base='install', merge_install=False, symlink_install=True, test_result_base=None, continue_on_error=False, executor='parallel', parallel_workers=20, event_handlers=None, ignore_user_meta=False, metas=['./colcon.meta'], base_paths=['.'], packages_ignore=None, packages_ignore_regex=None, paths=None, packages_up_to=None, packages_up_to_regex=None, packages_above=None, packages_above_and_dependencies=None, packages_above_depth=None, packages_select_by_dep=None, packages_skip_by_dep=None, packages_skip_up_to=None, packages_select_build_failed=False, packages_skip_build_finished=False, packages_select_test_failures=False, packages_skip_test_passed=False, packages_select=None, packages_skip=None, packages_select_regex=None, packages_skip_regex=None, packages_start=None, packages_end=None, allow_overriding=[], cmake_args=None, cmake_target=None, cmake_target_skip_unavailable=False, cmake_clean_cache=False, cmake_clean_first=False, cmake_force_configure=False, ament_cmake_args=None, catkin_cmake_args=None, catkin_skip_building_tests=False, verb_parser=<colcon_defaults.argument_parser.defaults.DefaultArgumentsDecorator object at 0x7ce6ba1540a0>, verb_extension=<colcon_core.verb.build.BuildVerb object at 0x7ce6ba11b760>, main=<bound method BuildVerb.main of <colcon_core.verb.build.BuildVerb object at 0x7ce6ba11b760>>)
[0.142s] Level 1:colcon.colcon_core.package_discovery:discover_packages(colcon_meta) check parameters
[0.142s] Level 1:colcon.colcon_core.package_discovery:discover_packages(recursive) check parameters
[0.142s] Level 1:colcon.colcon_core.package_discovery:discover_packages(ignore) check parameters
[0.142s] Level 1:colcon.colcon_core.package_discovery:discover_packages(path) check parameters
[0.142s] Level 1:colcon.colcon_core.package_discovery:discover_packages(colcon_meta) discover
[0.142s] Level 1:colcon.colcon_core.package_discovery:discover_packages(recursive) discover
[0.142s] INFO:colcon.colcon_core.package_discovery:Crawling recursively for packages in '/home/zech/robim_ur20_sim'
[0.142s] Level 1:colcon.colcon_core.package_identification:_identify(.) by extensions ['ignore', 'ignore_ament_install']
[0.142s] Level 1:colcon.colcon_core.package_identification:_identify(.) by extension 'ignore'
[0.142s] Level 1:colcon.colcon_core.package_identification:_identify(.) by extension 'ignore_ament_install'
[0.142s] Level 1:colcon.colcon_core.package_identification:_identify(.) by extensions ['colcon_pkg']
[0.142s] Level 1:colcon.colcon_core.package_identification:_identify(.) by extension 'colcon_pkg'
[0.142s] Level 1:colcon.colcon_core.package_identification:_identify(.) by extensions ['colcon_meta']
[0.142s] Level 1:colcon.colcon_core.package_identification:_identify(.) by extension 'colcon_meta'
[0.142s] Level 1:colcon.colcon_core.package_identification:_identify(.) by extensions ['ros']
[0.142s] Level 1:colcon.colcon_core.package_identification:_identify(.) by extension 'ros'
[0.167s] Level 1:colcon.colcon_core.package_identification:_identify(.) by extensions ['cmake', 'python']
[0.167s] Level 1:colcon.colcon_core.package_identification:_identify(.) by extension 'cmake'
[0.167s] Level 1:colcon.colcon_core.package_identification:_identify(.) by extension 'python'
[0.167s] Level 1:colcon.colcon_core.package_identification:_identify(.) by extensions ['python_setup_py']
[0.167s] Level 1:colcon.colcon_core.package_identification:_identify(.) by extension 'python_setup_py'
[0.167s] Level 1:colcon.colcon_core.package_identification:_identify(build) by extensions ['ignore', 'ignore_ament_install']
[0.167s] Level 1:colcon.colcon_core.package_identification:_identify(build) by extension 'ignore'
[0.167s] Level 1:colcon.colcon_core.package_identification:_identify(build) ignored
[0.167s] Level 1:colcon.colcon_core.package_identification:_identify(install) by extensions ['ignore', 'ignore_ament_install']
[0.167s] Level 1:colcon.colcon_core.package_identification:_identify(install) by extension 'ignore'
[0.167s] Level 1:colcon.colcon_core.package_identification:_identify(install) ignored
[0.168s] Level 1:colcon.colcon_core.package_identification:_identify(log) by extensions ['ignore', 'ignore_ament_install']
[0.168s] Level 1:colcon.colcon_core.package_identification:_identify(log) by extension 'ignore'
[0.168s] Level 1:colcon.colcon_core.package_identification:_identify(log) ignored
[0.168s] Level 1:colcon.colcon_core.package_identification:_identify(src) by extensions ['ignore', 'ignore_ament_install']
[0.168s] Level 1:colcon.colcon_core.package_identification:_identify(src) by extension 'ignore'
[0.168s] Level 1:colcon.colcon_core.package_identification:_identify(src) by extension 'ignore_ament_install'
[0.168s] Level 1:colcon.colcon_core.package_identification:_identify(src) by extensions ['colcon_pkg']
[0.168s] Level 1:colcon.colcon_core.package_identification:_identify(src) by extension 'colcon_pkg'
[0.168s] Level 1:colcon.colcon_core.package_identification:_identify(src) by extensions ['colcon_meta']
[0.168s] Level 1:colcon.colcon_core.package_identification:_identify(src) by extension 'colcon_meta'
[0.168s] Level 1:colcon.colcon_core.package_identification:_identify(src) by extensions ['ros']
[0.168s] Level 1:colcon.colcon_core.package_identification:_identify(src) by extension 'ros'
[0.168s] Level 1:colcon.colcon_core.package_identification:_identify(src) by extensions ['cmake', 'python']
[0.168s] Level 1:colcon.colcon_core.package_identification:_identify(src) by extension 'cmake'
[0.168s] Level 1:colcon.colcon_core.package_identification:_identify(src) by extension 'python'
[0.168s] Level 1:colcon.colcon_core.package_identification:_identify(src) by extensions ['python_setup_py']
[0.168s] Level 1:colcon.colcon_core.package_identification:_identify(src) by extension 'python_setup_py'
[0.168s] Level 1:colcon.colcon_core.package_identification:_identify(src/ur20_sim) by extensions ['ignore', 'ignore_ament_install']
[0.168s] Level 1:colcon.colcon_core.package_identification:_identify(src/ur20_sim) by extension 'ignore'
[0.168s] Level 1:colcon.colcon_core.package_identification:_identify(src/ur20_sim) by extension 'ignore_ament_install'
[0.168s] Level 1:colcon.colcon_core.package_identification:_identify(src/ur20_sim) by extensions ['colcon_pkg']
[0.168s] Level 1:colcon.colcon_core.package_identification:_identify(src/ur20_sim) by extension 'colcon_pkg'
[0.168s] Level 1:colcon.colcon_core.package_identification:_identify(src/ur20_sim) by extensions ['colcon_meta']
[0.168s] Level 1:colcon.colcon_core.package_identification:_identify(src/ur20_sim) by extension 'colcon_meta'
[0.168s] Level 1:colcon.colcon_core.package_identification:_identify(src/ur20_sim) by extensions ['ros']
[0.168s] Level 1:colcon.colcon_core.package_identification:_identify(src/ur20_sim) by extension 'ros'
[0.170s] DEBUG:colcon.colcon_core.package_identification:Package 'src/ur20_sim' with type 'ros.ament_cmake' and name 'ur20_sim'
[0.170s] Level 1:colcon.colcon_core.package_discovery:discover_packages(recursive) using defaults
[0.170s] Level 1:colcon.colcon_core.package_discovery:discover_packages(ignore) discover
[0.170s] Level 1:colcon.colcon_core.package_discovery:discover_packages(ignore) using defaults
[0.170s] Level 1:colcon.colcon_core.package_discovery:discover_packages(path) discover
[0.170s] Level 1:colcon.colcon_core.package_discovery:discover_packages(path) using defaults
[0.182s] Level 1:colcon.colcon_core.package_discovery:discover_packages(prefix_path) check parameters
[0.182s] Level 1:colcon.colcon_core.package_discovery:discover_packages(prefix_path) discover
[0.184s] DEBUG:colcon.colcon_installed_package_information.package_discovery:Found 4 installed packages in /home/zech/exia_ws/install
[0.184s] DEBUG:colcon.colcon_installed_package_information.package_discovery:Found 2 installed packages in /home/zech/ros2_ws/install
[0.185s] DEBUG:colcon.colcon_installed_package_information.package_discovery:Found 396 installed packages in /opt/ros/humble
[0.186s] Level 1:colcon.colcon_core.package_discovery:discover_packages(prefix_path) using defaults
[0.211s] Level 5:colcon.colcon_core.verb:set package 'ur20_sim' build argument 'cmake_args' from command line to 'None'
[0.211s] Level 5:colcon.colcon_core.verb:set package 'ur20_sim' build argument 'cmake_target' from command line to 'None'
[0.211s] Level 5:colcon.colcon_core.verb:set package 'ur20_sim' build argument 'cmake_target_skip_unavailable' from command line to 'False'
[0.211s] Level 5:colcon.colcon_core.verb:set package 'ur20_sim' build argument 'cmake_clean_cache' from command line to 'False'
[0.211s] Level 5:colcon.colcon_core.verb:set package 'ur20_sim' build argument 'cmake_clean_first' from command line to 'False'
[0.211s] Level 5:colcon.colcon_core.verb:set package 'ur20_sim' build argument 'cmake_force_configure' from command line to 'False'
[0.211s] Level 5:colcon.colcon_core.verb:set package 'ur20_sim' build argument 'ament_cmake_args' from command line to 'None'
[0.211s] Level 5:colcon.colcon_core.verb:set package 'ur20_sim' build argument 'catkin_cmake_args' from command line to 'None'
[0.211s] Level 5:colcon.colcon_core.verb:set package 'ur20_sim' build argument 'catkin_skip_building_tests' from command line to 'False'
[0.211s] DEBUG:colcon.colcon_core.verb:Building package 'ur20_sim' with the following arguments: {'ament_cmake_args': None, 'build_base': '/home/zech/robim_ur20_sim/build/ur20_sim', 'catkin_cmake_args': None, 'catkin_skip_building_tests': False, 'cmake_args': None, 'cmake_clean_cache': False, 'cmake_clean_first': False, 'cmake_force_configure': False, 'cmake_target': None, 'cmake_target_skip_unavailable': False, 'install_base': '/home/zech/robim_ur20_sim/install/ur20_sim', 'merge_install': False, 'path': '/home/zech/robim_ur20_sim/src/ur20_sim', 'symlink_install': True, 'test_result_base': None}
[0.211s] INFO:colcon.colcon_core.executor:Executing jobs using 'parallel' executor
[0.212s] DEBUG:colcon.colcon_parallel_executor.executor.parallel:run_until_complete
[0.212s] INFO:colcon.colcon_ros.task.ament_cmake.build:Building ROS package in '/home/zech/robim_ur20_sim/src/ur20_sim' with build type 'ament_cmake'
[0.212s] INFO:colcon.colcon_cmake.task.cmake.build:Building CMake package in '/home/zech/robim_ur20_sim/src/ur20_sim'
[0.213s] INFO:colcon.colcon_core.plugin_system:Skipping extension 'colcon_core.shell.bat': Not used on non-Windows systems
[0.213s] INFO:colcon.colcon_core.shell:Skip shell extension 'powershell' for command environment: Not usable outside of PowerShell
[0.213s] DEBUG:colcon.colcon_core.shell:Skip shell extension 'dsv' for command environment
[0.220s] DEBUG:colcon.colcon_core.event_handler.log_command:Invoking command in '/home/zech/robim_ur20_sim/build/ur20_sim': CMAKE_PREFIX_PATH=${CMAKE_PREFIX_PATH}:/home/zech/exia_ws/install/exia_driver:/home/zech/exia_ws/install/exia_control:/opt/ros/humble /usr/bin/cmake --build /home/zech/robim_ur20_sim/build/ur20_sim -- -j20 -l20
[6.467s] DEBUG:colcon.colcon_core.event_handler.log_command:Invoked command in '/home/zech/robim_ur20_sim/build/ur20_sim' returned '0': CMAKE_PREFIX_PATH=${CMAKE_PREFIX_PATH}:/home/zech/exia_ws/install/exia_driver:/home/zech/exia_ws/install/exia_control:/opt/ros/humble /usr/bin/cmake --build /home/zech/robim_ur20_sim/build/ur20_sim -- -j20 -l20
[6.474s] DEBUG:colcon.colcon_core.event_handler.log_command:Invoking command in '/home/zech/robim_ur20_sim/build/ur20_sim': CMAKE_PREFIX_PATH=${CMAKE_PREFIX_PATH}:/home/zech/exia_ws/install/exia_driver:/home/zech/exia_ws/install/exia_control:/opt/ros/humble /usr/bin/cmake --install /home/zech/robim_ur20_sim/build/ur20_sim
[6.486s] Level 1:colcon.colcon_core.environment:create_environment_scripts_only(ur20_sim)
[6.486s] DEBUG:colcon.colcon_core.event_handler.log_command:Invoked command in '/home/zech/robim_ur20_sim/build/ur20_sim' returned '0': CMAKE_PREFIX_PATH=${CMAKE_PREFIX_PATH}:/home/zech/exia_ws/install/exia_driver:/home/zech/exia_ws/install/exia_control:/opt/ros/humble /usr/bin/cmake --install /home/zech/robim_ur20_sim/build/ur20_sim
[6.488s] Level 1:colcon.colcon_core.environment:checking '/home/zech/robim_ur20_sim/install/ur20_sim' for CMake module files
[6.489s] Level 1:colcon.colcon_core.environment:checking '/home/zech/robim_ur20_sim/install/ur20_sim' for CMake config files
[6.489s] Level 1:colcon.colcon_core.shell:create_environment_hook('ur20_sim', 'cmake_prefix_path')
[6.489s] INFO:colcon.colcon_core.shell:Creating environment hook '/home/zech/robim_ur20_sim/install/ur20_sim/share/ur20_sim/hook/cmake_prefix_path.ps1'
[6.490s] INFO:colcon.colcon_core.shell:Creating environment descriptor '/home/zech/robim_ur20_sim/install/ur20_sim/share/ur20_sim/hook/cmake_prefix_path.dsv'
[6.490s] INFO:colcon.colcon_core.shell:Creating environment hook '/home/zech/robim_ur20_sim/install/ur20_sim/share/ur20_sim/hook/cmake_prefix_path.sh'
[6.491s] Level 1:colcon.colcon_core.environment:checking '/home/zech/robim_ur20_sim/install/ur20_sim/lib'
[6.491s] Level 1:colcon.colcon_core.environment:checking '/home/zech/robim_ur20_sim/install/ur20_sim/bin'
[6.491s] Level 1:colcon.colcon_core.environment:checking '/home/zech/robim_ur20_sim/install/ur20_sim/lib/pkgconfig/ur20_sim.pc'
[6.491s] Level 1:colcon.colcon_core.environment:checking '/home/zech/robim_ur20_sim/install/ur20_sim/lib/python3.10/site-packages'
[6.492s] Level 1:colcon.colcon_core.environment:checking '/home/zech/robim_ur20_sim/install/ur20_sim/bin'
[6.492s] INFO:colcon.colcon_core.shell:Creating package script '/home/zech/robim_ur20_sim/install/ur20_sim/share/ur20_sim/package.ps1'
[6.493s] INFO:colcon.colcon_core.shell:Creating package descriptor '/home/zech/robim_ur20_sim/install/ur20_sim/share/ur20_sim/package.dsv'
[6.493s] INFO:colcon.colcon_core.shell:Creating package script '/home/zech/robim_ur20_sim/install/ur20_sim/share/ur20_sim/package.sh'
[6.494s] INFO:colcon.colcon_core.shell:Creating package script '/home/zech/robim_ur20_sim/install/ur20_sim/share/ur20_sim/package.bash'
[6.495s] INFO:colcon.colcon_core.shell:Creating package script '/home/zech/robim_ur20_sim/install/ur20_sim/share/ur20_sim/package.zsh'
[6.495s] Level 1:colcon.colcon_core.environment:create_file_with_runtime_dependencies(/home/zech/robim_ur20_sim/install/ur20_sim/share/colcon-core/packages/ur20_sim)
[6.495s] Level 1:colcon.colcon_core.environment:create_environment_scripts_only(ur20_sim)
[6.495s] Level 1:colcon.colcon_core.environment:checking '/home/zech/robim_ur20_sim/install/ur20_sim' for CMake module files
[6.496s] Level 1:colcon.colcon_core.environment:checking '/home/zech/robim_ur20_sim/install/ur20_sim' for CMake config files
[6.496s] Level 1:colcon.colcon_core.shell:create_environment_hook('ur20_sim', 'cmake_prefix_path')
[6.496s] INFO:colcon.colcon_core.shell:Creating environment hook '/home/zech/robim_ur20_sim/install/ur20_sim/share/ur20_sim/hook/cmake_prefix_path.ps1'
[6.496s] INFO:colcon.colcon_core.shell:Creating environment descriptor '/home/zech/robim_ur20_sim/install/ur20_sim/share/ur20_sim/hook/cmake_prefix_path.dsv'
[6.496s] INFO:colcon.colcon_core.shell:Creating environment hook '/home/zech/robim_ur20_sim/install/ur20_sim/share/ur20_sim/hook/cmake_prefix_path.sh'
[6.496s] Level 1:colcon.colcon_core.environment:checking '/home/zech/robim_ur20_sim/install/ur20_sim/lib'
[6.496s] Level 1:colcon.colcon_core.environment:checking '/home/zech/robim_ur20_sim/install/ur20_sim/bin'
[6.496s] Level 1:colcon.colcon_core.environment:checking '/home/zech/robim_ur20_sim/install/ur20_sim/lib/pkgconfig/ur20_sim.pc'
[6.497s] Level 1:colcon.colcon_core.environment:checking '/home/zech/robim_ur20_sim/install/ur20_sim/lib/python3.10/site-packages'
[6.497s] Level 1:colcon.colcon_core.environment:checking '/home/zech/robim_ur20_sim/install/ur20_sim/bin'
[6.497s] INFO:colcon.colcon_core.shell:Creating package script '/home/zech/robim_ur20_sim/install/ur20_sim/share/ur20_sim/package.ps1'
[6.497s] INFO:colcon.colcon_core.shell:Creating package descriptor '/home/zech/robim_ur20_sim/install/ur20_sim/share/ur20_sim/package.dsv'
[6.497s] INFO:colcon.colcon_core.shell:Creating package script '/home/zech/robim_ur20_sim/install/ur20_sim/share/ur20_sim/package.sh'
[6.498s] INFO:colcon.colcon_core.shell:Creating package script '/home/zech/robim_ur20_sim/install/ur20_sim/share/ur20_sim/package.bash'
[6.498s] INFO:colcon.colcon_core.shell:Creating package script '/home/zech/robim_ur20_sim/install/ur20_sim/share/ur20_sim/package.zsh'
[6.498s] Level 1:colcon.colcon_core.environment:create_file_with_runtime_dependencies(/home/zech/robim_ur20_sim/install/ur20_sim/share/colcon-core/packages/ur20_sim)
[6.498s] DEBUG:colcon.colcon_parallel_executor.executor.parallel:closing loop
[6.498s] DEBUG:colcon.colcon_parallel_executor.executor.parallel:loop closed
[6.498s] DEBUG:colcon.colcon_parallel_executor.executor.parallel:run_until_complete finished with '0'
[6.498s] DEBUG:colcon.colcon_core.event_reactor:joining thread
[6.502s] INFO:colcon.colcon_core.plugin_system:Skipping extension 'colcon_notification.desktop_notification.terminal_notifier': Not used on non-Darwin systems
[6.502s] INFO:colcon.colcon_core.plugin_system:Skipping extension 'colcon_notification.desktop_notification.win32': Not used on non-Windows systems
[6.502s] INFO:colcon.colcon_notification.desktop_notification:Sending desktop notification using 'notify2'
[6.509s] DEBUG:colcon.colcon_core.event_reactor:joined thread
[6.509s] INFO:colcon.colcon_core.shell:Creating prefix script '/home/zech/robim_ur20_sim/install/local_setup.ps1'
[6.510s] INFO:colcon.colcon_core.shell:Creating prefix util module '/home/zech/robim_ur20_sim/install/_local_setup_util_ps1.py'
[6.510s] INFO:colcon.colcon_core.shell:Creating prefix chain script '/home/zech/robim_ur20_sim/install/setup.ps1'
[6.511s] INFO:colcon.colcon_core.shell:Creating prefix script '/home/zech/robim_ur20_sim/install/local_setup.sh'
[6.511s] INFO:colcon.colcon_core.shell:Creating prefix util module '/home/zech/robim_ur20_sim/install/_local_setup_util_sh.py'
[6.512s] INFO:colcon.colcon_core.shell:Creating prefix chain script '/home/zech/robim_ur20_sim/install/setup.sh'
[6.512s] INFO:colcon.colcon_core.shell:Creating prefix script '/home/zech/robim_ur20_sim/install/local_setup.bash'
[6.512s] INFO:colcon.colcon_core.shell:Creating prefix chain script '/home/zech/robim_ur20_sim/install/setup.bash'
[6.513s] INFO:colcon.colcon_core.shell:Creating prefix script '/home/zech/robim_ur20_sim/install/local_setup.zsh'
[6.513s] INFO:colcon.colcon_core.shell:Creating prefix chain script '/home/zech/robim_ur20_sim/install/setup.zsh'
