/home/zech/robim_ur20_sim/src/ur20_sim/src/calibration_tests/axis_test.cpp: In member function ‘bool AxisTest::moveToPose(const Pose&, const string&)’:
/home/zech/robim_ur20_sim/src/ur20_sim/src/calibration_tests/axis_test.cpp:118:25: error: no matching function for call to ‘std::vector<AxisTest::IkCandidate>::push_back(<brace-enclosed initializer list>)’
  118 |     candidates.push_back({distance, solution});
      |     ~~~~~~~~~~~~~~~~~~~~^~~~~~~~~~~~~~~~~~~~~~
In file included from /usr/include/c++/11/vector:67,
                 from /home/zech/robim_ur20_sim/src/ur20_sim/src/calibration_tests/axis_test.hpp:6,
                 from /home/zech/robim_ur20_sim/src/ur20_sim/src/calibration_tests/axis_test.cpp:1:
/usr/include/c++/11/bits/stl_vector.h:1187:7: note: candidate: ‘void std::vector<_Tp, _Alloc>::push_back(const value_type&) [with _Tp = AxisTest::IkCandidate; _Alloc = std::allocator<AxisTest::IkCandidate>; std::vector<_Tp, _Alloc>::value_type = AxisTest::IkCandidate]’
 1187 |       push_back(const value_type& __x)
      |       ^~~~~~~~~
/usr/include/c++/11/bits/stl_vector.h:1187:35: note:   no known conversion for argument 1 from ‘<brace-enclosed initializer list>’ to ‘const value_type&’ {aka ‘const AxisTest::IkCandidate&’}
 1187 |       push_back(const value_type& __x)
      |                 ~~~~~~~~~~~~~~~~~~^~~
/usr/include/c++/11/bits/stl_vector.h:1203:7: note: candidate: ‘void std::vector<_Tp, _Alloc>::push_back(std::vector<_Tp, _Alloc>::value_type&&) [with _Tp = AxisTest::IkCandidate; _Alloc = std::allocator<AxisTest::IkCandidate>; std::vector<_Tp, _Alloc>::value_type = AxisTest::IkCandidate]’
 1203 |       push_back(value_type&& __x)
      |       ^~~~~~~~~
/usr/include/c++/11/bits/stl_vector.h:1203:30: note:   no known conversion for argument 1 from ‘<brace-enclosed initializer list>’ to ‘std::vector<AxisTest::IkCandidate>::value_type&&’ {aka ‘AxisTest::IkCandidate&&’}
 1203 |       push_back(value_type&& __x)
      |                 ~~~~~~~~~~~~~^~~
/home/zech/robim_ur20_sim/src/ur20_sim/src/calibration_tests/axis_test.cpp:127:41: error: use of deleted function ‘AxisTest::IkCandidate::IkCandidate(const AxisTest::IkCandidate&)’
  127 |     IkCandidate candidate = candidates[i];
      |                                         ^
In file included from /home/zech/robim_ur20_sim/src/ur20_sim/src/calibration_tests/axis_test.cpp:1:
/home/zech/robim_ur20_sim/src/ur20_sim/src/calibration_tests/axis_test.hpp:25:12: note: ‘AxisTest::IkCandidate::IkCandidate(const AxisTest::IkCandidate&)’ is implicitly deleted because the default definition would be ill-formed:
   25 |     struct IkCandidate {
      |            ^~~~~~~~~~~
/home/zech/robim_ur20_sim/src/ur20_sim/src/calibration_tests/axis_test.hpp:25:12: error: use of deleted function ‘std::unique_ptr<_Tp, _Dp>::unique_ptr(const std::unique_ptr<_Tp, _Dp>&) [with _Tp = moveit::planning_interface::MoveGroupInterface; _Dp = std::default_delete<moveit::planning_interface::MoveGroupInterface>]’
In file included from /usr/include/c++/11/bits/std_thread.h:44,
                 from /usr/include/c++/11/thread:43,
                 from /home/zech/robim_ur20_sim/src/ur20_sim/src/calibration_tests/axis_test.hpp:5,
                 from /home/zech/robim_ur20_sim/src/ur20_sim/src/calibration_tests/axis_test.cpp:1:
/usr/include/c++/11/bits/unique_ptr.h:468:7: note: declared here
  468 |       unique_ptr(const unique_ptr&) = delete;
      |       ^~~~~~~~~~
gmake[2]: *** [CMakeFiles/axis_test.dir/build.make:76: CMakeFiles/axis_test.dir/src/calibration_tests/axis_test.cpp.o] Error 1
gmake[1]: *** [CMakeFiles/Makefile2:221: CMakeFiles/axis_test.dir/all] Error 2
gmake: *** [Makefile:146: all] Error 2
