[0.006s] Invoking command in '/home/zech/robim_ur20_sim/build/ur20_sim': CMAKE_PREFIX_PATH=${CMAKE_PREFIX_PATH}:/home/zech/exia_ws/install/exia_driver:/home/zech/exia_ws/install/exia_control:/opt/ros/humble /usr/bin/cmake --build /home/zech/robim_ur20_sim/build/ur20_sim -- -j20 -l20
[0.047s] Consolidate compiler generated dependencies of target axis_test
[0.053s] [ 25%] Built target room_publisher
[0.053s] [ 75%] Built target test_move
[0.054s] [ 75%] Built target sweep_mover
[0.061s] [ 87%] Building CXX object CMakeFiles/axis_test.dir/src/calibration_tests/axis_test.cpp.o
[2.634s] /home/zech/robim_ur20_sim/src/ur20_sim/src/calibration_tests/axis_test.cpp: In member function ‘bool AxisTest::moveToPose(const Pose&, const string&)’:
[2.634s] /home/zech/robim_ur20_sim/src/ur20_sim/src/calibration_tests/axis_test.cpp:118:25: error: no matching function for call to ‘std::vector<AxisTest::IkCandidate>::push_back(<brace-enclosed initializer list>)’
[2.634s]   118 |     candidates.push_back({distance, solution});
[2.634s]       |     ~~~~~~~~~~~~~~~~~~~~^~~~~~~~~~~~~~~~~~~~~~
[2.634s] In file included from /usr/include/c++/11/vector:67,
[2.634s]                  from /home/zech/robim_ur20_sim/src/ur20_sim/src/calibration_tests/axis_test.hpp:6,
[2.634s]                  from /home/zech/robim_ur20_sim/src/ur20_sim/src/calibration_tests/axis_test.cpp:1:
[2.634s] /usr/include/c++/11/bits/stl_vector.h:1187:7: note: candidate: ‘void std::vector<_Tp, _Alloc>::push_back(const value_type&) [with _Tp = AxisTest::IkCandidate; _Alloc = std::allocator<AxisTest::IkCandidate>; std::vector<_Tp, _Alloc>::value_type = AxisTest::IkCandidate]’
[2.635s]  1187 |       push_back(const value_type& __x)
[2.635s]       |       ^~~~~~~~~
[2.635s] /usr/include/c++/11/bits/stl_vector.h:1187:35: note:   no known conversion for argument 1 from ‘<brace-enclosed initializer list>’ to ‘const value_type&’ {aka ‘const AxisTest::IkCandidate&’}
[2.635s]  1187 |       push_back(const value_type& __x)
[2.635s]       |                 ~~~~~~~~~~~~~~~~~~^~~
[2.635s] /usr/include/c++/11/bits/stl_vector.h:1203:7: note: candidate: ‘void std::vector<_Tp, _Alloc>::push_back(std::vector<_Tp, _Alloc>::value_type&&) [with _Tp = AxisTest::IkCandidate; _Alloc = std::allocator<AxisTest::IkCandidate>; std::vector<_Tp, _Alloc>::value_type = AxisTest::IkCandidate]’
[2.635s]  1203 |       push_back(value_type&& __x)
[2.635s]       |       ^~~~~~~~~
[2.635s] /usr/include/c++/11/bits/stl_vector.h:1203:30: note:   no known conversion for argument 1 from ‘<brace-enclosed initializer list>’ to ‘std::vector<AxisTest::IkCandidate>::value_type&&’ {aka ‘AxisTest::IkCandidate&&’}
[2.635s]  1203 |       push_back(value_type&& __x)
[2.635s]       |                 ~~~~~~~~~~~~~^~~
[2.635s] /home/zech/robim_ur20_sim/src/ur20_sim/src/calibration_tests/axis_test.cpp:127:41: error: use of deleted function ‘AxisTest::IkCandidate::IkCandidate(const AxisTest::IkCandidate&)’
[2.635s]   127 |     IkCandidate candidate = candidates[i];
[2.635s]       |                                         ^
[2.635s] In file included from /home/zech/robim_ur20_sim/src/ur20_sim/src/calibration_tests/axis_test.cpp:1:
[2.635s] /home/zech/robim_ur20_sim/src/ur20_sim/src/calibration_tests/axis_test.hpp:25:12: note: ‘AxisTest::IkCandidate::IkCandidate(const AxisTest::IkCandidate&)’ is implicitly deleted because the default definition would be ill-formed:
[2.635s]    25 |     struct IkCandidate {
[2.635s]       |            ^~~~~~~~~~~
[2.635s] /home/zech/robim_ur20_sim/src/ur20_sim/src/calibration_tests/axis_test.hpp:25:12: error: use of deleted function ‘std::unique_ptr<_Tp, _Dp>::unique_ptr(const std::unique_ptr<_Tp, _Dp>&) [with _Tp = moveit::planning_interface::MoveGroupInterface; _Dp = std::default_delete<moveit::planning_interface::MoveGroupInterface>]’
[2.635s] In file included from /usr/include/c++/11/bits/std_thread.h:44,
[2.635s]                  from /usr/include/c++/11/thread:43,
[2.635s]                  from /home/zech/robim_ur20_sim/src/ur20_sim/src/calibration_tests/axis_test.hpp:5,
[2.635s]                  from /home/zech/robim_ur20_sim/src/ur20_sim/src/calibration_tests/axis_test.cpp:1:
[2.635s] /usr/include/c++/11/bits/unique_ptr.h:468:7: note: declared here
[2.635s]   468 |       unique_ptr(const unique_ptr&) = delete;
[2.635s]       |       ^~~~~~~~~~
[4.139s] gmake[2]: *** [CMakeFiles/axis_test.dir/build.make:76: CMakeFiles/axis_test.dir/src/calibration_tests/axis_test.cpp.o] Error 1
[4.139s] gmake[1]: *** [CMakeFiles/Makefile2:221: CMakeFiles/axis_test.dir/all] Error 2
[4.139s] gmake: *** [Makefile:146: all] Error 2
[4.141s] Invoked command in '/home/zech/robim_ur20_sim/build/ur20_sim' returned '2': CMAKE_PREFIX_PATH=${CMAKE_PREFIX_PATH}:/home/zech/exia_ws/install/exia_driver:/home/zech/exia_ws/install/exia_control:/opt/ros/humble /usr/bin/cmake --build /home/zech/robim_ur20_sim/build/ur20_sim -- -j20 -l20
