-- Found ament_cmake: 1.3.14 (/opt/ros/humble/share/ament_cmake/cmake)
-- Override CMake install command with custom implementation using symlinks instead of copying resources
-- Found rclcpp: 16.0.19 (/opt/ros/humble/share/rclcpp/cmake)
-- Found rosidl_generator_c: 3.1.9 (/opt/ros/humble/share/rosidl_generator_c/cmake)
-- Found rosidl_adapter: 3.1.9 (/opt/ros/humble/share/rosidl_adapter/cmake)
-- Found rosidl_generator_cpp: 3.1.9 (/opt/ros/humble/share/rosidl_generator_cpp/cmake)
-- Using all available rosidl_typesupport_c: rosidl_typesupport_fastrtps_c;rosidl_typesupport_introspection_c
-- Using all available rosidl_typesupport_cpp: rosidl_typesupport_fastrtps_cpp;rosidl_typesupport_introspection_cpp
-- Found rmw_implementation_cmake: 6.1.3 (/opt/ros/humble/share/rmw_implementation_cmake/cmake)
-- Found rmw_fastrtps_cpp: 6.2.10 (/opt/ros/humble/share/rmw_fastrtps_cpp/cmake)
-- Using RMW implementation 'rmw_fastrtps_cpp' as default
-- Found moveit_ros_planning_interface: 2.5.9 (/opt/ros/humble/share/moveit_ros_planning_interface/cmake)
-- Found Boost: /usr/lib/x86_64-linux-gnu/cmake/Boost-1.74.0/BoostConfig.cmake (found version "1.74.0") found components: date_time filesystem program_options system thread 
-- Found Boost: /usr/lib/x86_64-linux-gnu/cmake/Boost-1.74.0/BoostConfig.cmake (found version "1.74.0") found components: chrono date_time filesystem iostreams program_options regex serialization system thread 
-- Found parameter_traits: 0.7.5 (/opt/ros/humble/share/parameter_traits/cmake)
-- Found rclcpp_lifecycle: 16.0.19 (/opt/ros/humble/share/rclcpp_lifecycle/cmake)
-- library: /usr/lib/x86_64-linux-gnu/libcurl.so
-- Ensuring Eigen3 include directory is part of orocos-kdl CMake target
-- Found Boost: /usr/lib/x86_64-linux-gnu/cmake/Boost-1.74.0/BoostConfig.cmake (found version "1.74.0") found components: system filesystem date_time program_options thread chrono 
-- Found Boost: /usr/lib/x86_64-linux-gnu/cmake/Boost-1.74.0/BoostConfig.cmake (found version "1.74.0") found components: thread system filesystem regex date_time program_options 
-- Found Boost: /usr/lib/x86_64-linux-gnu/cmake/Boost-1.74.0/BoostConfig.cmake (found version "1.74.0") found components: system filesystem date_time program_options thread 
-- Configuring done
-- Generating done
-- Build files have been written to: /home/zech/robim_ur20_sim/build/ur20_sim
[35m[1mConsolidate compiler generated dependencies of target room_publisher[0m
[35m[1mConsolidate compiler generated dependencies of target ur20_utils[0m
[ 16%] Built target room_publisher
[ 33%] Built target ur20_utils
[35m[1mConsolidate compiler generated dependencies of target axis_test[0m
[35m[1mConsolidate compiler generated dependencies of target main_sweep[0m
[35m[1mConsolidate compiler generated dependencies of target sweep_mover[0m
[35m[1mConsolidate compiler generated dependencies of target tcp_orientate[0m
[ 50%] Built target axis_test
[ 66%] Built target main_sweep
[ 83%] Built target sweep_mover
[100%] Built target tcp_orientate
-- Install configuration: ""
-- Execute custom install script
-- Up-to-date symlink: /home/zech/robim_ur20_sim/install/ur20_sim/lib/ur20_sim/main_sweep
-- Up-to-date symlink: /home/zech/robim_ur20_sim/install/ur20_sim/lib/ur20_sim/sweep_mover
-- Up-to-date symlink: /home/zech/robim_ur20_sim/install/ur20_sim/lib/ur20_sim/room_publisher
-- Up-to-date symlink: /home/zech/robim_ur20_sim/install/ur20_sim/lib/ur20_sim/tcp_orientate
-- Up-to-date symlink: /home/zech/robim_ur20_sim/install/ur20_sim/lib/ur20_sim/axis_test
-- Up-to-date symlink: /home/zech/robim_ur20_sim/install/ur20_sim/share/ur20_sim/launch/axis_test.launch.py
-- Up-to-date symlink: /home/zech/robim_ur20_sim/install/ur20_sim/share/ur20_sim/launch/main.launch.py
-- Up-to-date symlink: /home/zech/robim_ur20_sim/install/ur20_sim/share/ur20_sim/launch/sim.launch.py
-- Up-to-date symlink: /home/zech/robim_ur20_sim/install/ur20_sim/share/ur20_sim/launch/sweep.launch.py
-- Up-to-date symlink: /home/zech/robim_ur20_sim/install/ur20_sim/share/ur20_sim/launch/tcp_orientate.launch.py
-- Up-to-date symlink: /home/zech/robim_ur20_sim/install/ur20_sim/share/ur20_sim/config/axis_test.yaml
-- Up-to-date symlink: /home/zech/robim_ur20_sim/install/ur20_sim/share/ur20_sim/config/initial_positions.yaml
-- Up-to-date symlink: /home/zech/robim_ur20_sim/install/ur20_sim/share/ur20_sim/config/main_sweep.yaml
-- Up-to-date symlink: /home/zech/robim_ur20_sim/install/ur20_sim/share/ur20_sim/config/room.yaml
-- Up-to-date symlink: /home/zech/robim_ur20_sim/install/ur20_sim/share/ur20_sim/config/sweep.yaml
-- Up-to-date symlink: /home/zech/robim_ur20_sim/install/ur20_sim/share/ur20_sim/config/tcp_orientate.yaml
-- Up-to-date symlink: /home/zech/robim_ur20_sim/install/ur20_sim/share/ur20_sim/config/ur20/default_kinematics.yaml
-- Up-to-date symlink: /home/zech/robim_ur20_sim/install/ur20_sim/share/ur20_sim/config/ur20/joint_limits.yaml
-- Up-to-date symlink: /home/zech/robim_ur20_sim/install/ur20_sim/share/ur20_sim/config/ur20/physical_parameters.yaml
-- Up-to-date symlink: /home/zech/robim_ur20_sim/install/ur20_sim/share/ur20_sim/config/ur20/visual_parameters.yaml
-- Up-to-date symlink: /home/zech/robim_ur20_sim/install/ur20_sim/share/ur20_sim/config/ur20_calibration.yaml
-- Up-to-date symlink: /home/zech/robim_ur20_sim/install/ur20_sim/share/ur20_sim/urdf/ur20_parked.urdf.xacro
-- Up-to-date symlink: /home/zech/robim_ur20_sim/install/ur20_sim/share/ament_index/resource_index/package_run_dependencies/ur20_sim
-- Up-to-date symlink: /home/zech/robim_ur20_sim/install/ur20_sim/share/ament_index/resource_index/parent_prefix_path/ur20_sim
-- Up-to-date symlink: /home/zech/robim_ur20_sim/install/ur20_sim/share/ur20_sim/environment/ament_prefix_path.sh
-- Up-to-date symlink: /home/zech/robim_ur20_sim/install/ur20_sim/share/ur20_sim/environment/ament_prefix_path.dsv
-- Up-to-date symlink: /home/zech/robim_ur20_sim/install/ur20_sim/share/ur20_sim/environment/path.sh
-- Up-to-date symlink: /home/zech/robim_ur20_sim/install/ur20_sim/share/ur20_sim/environment/path.dsv
-- Up-to-date symlink: /home/zech/robim_ur20_sim/install/ur20_sim/share/ur20_sim/local_setup.bash
-- Up-to-date symlink: /home/zech/robim_ur20_sim/install/ur20_sim/share/ur20_sim/local_setup.sh
-- Up-to-date symlink: /home/zech/robim_ur20_sim/install/ur20_sim/share/ur20_sim/local_setup.zsh
-- Up-to-date symlink: /home/zech/robim_ur20_sim/install/ur20_sim/share/ur20_sim/local_setup.dsv
-- Symlinking: /home/zech/robim_ur20_sim/install/ur20_sim/share/ur20_sim/package.dsv
-- Up-to-date symlink: /home/zech/robim_ur20_sim/install/ur20_sim/share/ament_index/resource_index/packages/ur20_sim
-- Up-to-date symlink: /home/zech/robim_ur20_sim/install/ur20_sim/share/ur20_sim/cmake/ur20_simConfig.cmake
-- Up-to-date symlink: /home/zech/robim_ur20_sim/install/ur20_sim/share/ur20_sim/cmake/ur20_simConfig-version.cmake
-- Up-to-date symlink: /home/zech/robim_ur20_sim/install/ur20_sim/share/ur20_sim/package.xml
