[0.006s] Invoking command in '/home/zech/robim_ur20_sim/build/robim_ur20_sim': CMAKE_PREFIX_PATH=${CMAKE_PREFIX_PATH}:/home/zech/exia_ws/install/exia_driver:/home/zech/exia_ws/install/exia_control:/opt/ros/humble /usr/bin/cmake /home/zech/robim_ur20_sim/src/robim_ur20_sim -DAMENT_CMAKE_SYMLINK_INSTALL=1 -DCMAKE_INSTALL_PREFIX=/home/zech/robim_ur20_sim/install/robim_ur20_sim
[0.016s] -- Found ament_cmake: 1.3.14 (/opt/ros/humble/share/ament_cmake/cmake)
[0.091s] -- Override CMake install command with custom implementation using symlinks instead of copying resources
[0.094s] -- Found rclcpp: 16.0.19 (/opt/ros/humble/share/rclcpp/cmake)
[0.110s] -- Found rosidl_generator_c: 3.1.9 (/opt/ros/humble/share/rosidl_generator_c/cmake)
[0.112s] -- Found rosidl_adapter: 3.1.9 (/opt/ros/humble/share/rosidl_adapter/cmake)
[0.115s] -- Found rosidl_generator_cpp: 3.1.9 (/opt/ros/humble/share/rosidl_generator_cpp/cmake)
[0.120s] -- Using all available rosidl_typesupport_c: rosidl_typesupport_fastrtps_c;rosidl_typesupport_introspection_c
[0.126s] -- Using all available rosidl_typesupport_cpp: rosidl_typesupport_fastrtps_cpp;rosidl_typesupport_introspection_cpp
[0.143s] -- Found rmw_implementation_cmake: 6.1.3 (/opt/ros/humble/share/rmw_implementation_cmake/cmake)
[0.143s] -- Found rmw_fastrtps_cpp: 6.2.10 (/opt/ros/humble/share/rmw_fastrtps_cpp/cmake)
[0.211s] -- Using RMW implementation 'rmw_fastrtps_cpp' as default
[0.240s] -- Found moveit_ros_planning_interface: 2.5.9 (/opt/ros/humble/share/moveit_ros_planning_interface/cmake)
[0.246s] -- Found Boost: /usr/lib/x86_64-linux-gnu/cmake/Boost-1.74.0/BoostConfig.cmake (found version "1.74.0") found components: date_time filesystem program_options system thread 
[0.331s] -- Found Boost: /usr/lib/x86_64-linux-gnu/cmake/Boost-1.74.0/BoostConfig.cmake (found version "1.74.0") found components: chrono date_time filesystem iostreams program_options regex serialization system thread 
[0.344s] -- Found parameter_traits: 0.7.5 (/opt/ros/humble/share/parameter_traits/cmake)
[0.348s] -- Found rclcpp_lifecycle: 16.0.19 (/opt/ros/humble/share/rclcpp_lifecycle/cmake)
[0.379s] -- library: /usr/lib/x86_64-linux-gnu/libcurl.so
[0.397s] -- Ensuring Eigen3 include directory is part of orocos-kdl CMake target
[0.456s] -- Found Boost: /usr/lib/x86_64-linux-gnu/cmake/Boost-1.74.0/BoostConfig.cmake (found version "1.74.0") found components: system filesystem date_time program_options thread chrono 
[0.471s] -- Found Boost: /usr/lib/x86_64-linux-gnu/cmake/Boost-1.74.0/BoostConfig.cmake (found version "1.74.0") found components: thread system filesystem regex date_time program_options 
[0.482s] -- Found Boost: /usr/lib/x86_64-linux-gnu/cmake/Boost-1.74.0/BoostConfig.cmake (found version "1.74.0") found components: system filesystem date_time program_options thread 
[0.548s] -- Configuring done
[0.565s] -- Generating done
[0.571s] -- Build files have been written to: /home/zech/robim_ur20_sim/build/robim_ur20_sim
[0.579s] Invoked command in '/home/zech/robim_ur20_sim/build/robim_ur20_sim' returned '0': CMAKE_PREFIX_PATH=${CMAKE_PREFIX_PATH}:/home/zech/exia_ws/install/exia_driver:/home/zech/exia_ws/install/exia_control:/opt/ros/humble /usr/bin/cmake /home/zech/robim_ur20_sim/src/robim_ur20_sim -DAMENT_CMAKE_SYMLINK_INSTALL=1 -DCMAKE_INSTALL_PREFIX=/home/zech/robim_ur20_sim/install/robim_ur20_sim
[0.580s] Invoking command in '/home/zech/robim_ur20_sim/build/robim_ur20_sim': CMAKE_PREFIX_PATH=${CMAKE_PREFIX_PATH}:/home/zech/exia_ws/install/exia_driver:/home/zech/exia_ws/install/exia_control:/opt/ros/humble /usr/bin/cmake --build /home/zech/robim_ur20_sim/build/robim_ur20_sim -- -j20 -l20
[0.619s] Consolidate compiler generated dependencies of target sweep_mover
[0.629s] [ 25%] Building CXX object CMakeFiles/room_publisher.dir/src/room_publisher.cpp.o
[0.642s] [ 50%] Building CXX object CMakeFiles/sweep_mover.dir/src/sweep_mover.cpp.o
[4.876s] [ 75%] Linking CXX executable sweep_mover
[4.968s] [100%] Linking CXX executable room_publisher
[5.054s] [100%] Built target sweep_mover
[5.164s] [100%] Built target room_publisher
[5.171s] Invoked command in '/home/zech/robim_ur20_sim/build/robim_ur20_sim' returned '0': CMAKE_PREFIX_PATH=${CMAKE_PREFIX_PATH}:/home/zech/exia_ws/install/exia_driver:/home/zech/exia_ws/install/exia_control:/opt/ros/humble /usr/bin/cmake --build /home/zech/robim_ur20_sim/build/robim_ur20_sim -- -j20 -l20
[5.181s] Invoking command in '/home/zech/robim_ur20_sim/build/robim_ur20_sim': CMAKE_PREFIX_PATH=${CMAKE_PREFIX_PATH}:/home/zech/exia_ws/install/exia_driver:/home/zech/exia_ws/install/exia_control:/opt/ros/humble /usr/bin/cmake --install /home/zech/robim_ur20_sim/build/robim_ur20_sim
[5.189s] -- Install configuration: ""
[5.189s] -- Execute custom install script
[5.190s] -- Up-to-date symlink: /home/zech/robim_ur20_sim/install/robim_ur20_sim/lib/robim_ur20_sim/sweep_mover
[5.190s] -- Symlinking: /home/zech/robim_ur20_sim/install/robim_ur20_sim/lib/robim_ur20_sim/room_publisher
[5.201s] -- Up-to-date symlink: /home/zech/robim_ur20_sim/install/robim_ur20_sim/share/robim_ur20_sim/launch/sim.launch.py
[5.201s] -- Up-to-date symlink: /home/zech/robim_ur20_sim/install/robim_ur20_sim/share/robim_ur20_sim/launch/sweep.launch.py
[5.201s] -- Symlinking: /home/zech/robim_ur20_sim/install/robim_ur20_sim/share/robim_ur20_sim/config/room.yaml
[5.213s] -- Up-to-date symlink: /home/zech/robim_ur20_sim/install/robim_ur20_sim/share/robim_ur20_sim/config/sweep.yaml
[5.213s] -- Up-to-date symlink: /home/zech/robim_ur20_sim/install/robim_ur20_sim/share/ament_index/resource_index/package_run_dependencies/robim_ur20_sim
[5.214s] -- Up-to-date symlink: /home/zech/robim_ur20_sim/install/robim_ur20_sim/share/ament_index/resource_index/parent_prefix_path/robim_ur20_sim
[5.214s] -- Up-to-date symlink: /home/zech/robim_ur20_sim/install/robim_ur20_sim/share/robim_ur20_sim/environment/ament_prefix_path.sh
[5.214s] -- Up-to-date symlink: /home/zech/robim_ur20_sim/install/robim_ur20_sim/share/robim_ur20_sim/environment/ament_prefix_path.dsv
[5.214s] -- Up-to-date symlink: /home/zech/robim_ur20_sim/install/robim_ur20_sim/share/robim_ur20_sim/environment/path.sh
[5.215s] -- Up-to-date symlink: /home/zech/robim_ur20_sim/install/robim_ur20_sim/share/robim_ur20_sim/environment/path.dsv
[5.215s] -- Up-to-date symlink: /home/zech/robim_ur20_sim/install/robim_ur20_sim/share/robim_ur20_sim/local_setup.bash
[5.215s] -- Up-to-date symlink: /home/zech/robim_ur20_sim/install/robim_ur20_sim/share/robim_ur20_sim/local_setup.sh
[5.215s] -- Up-to-date symlink: /home/zech/robim_ur20_sim/install/robim_ur20_sim/share/robim_ur20_sim/local_setup.zsh
[5.215s] -- Up-to-date symlink: /home/zech/robim_ur20_sim/install/robim_ur20_sim/share/robim_ur20_sim/local_setup.dsv
[5.215s] -- Symlinking: /home/zech/robim_ur20_sim/install/robim_ur20_sim/share/robim_ur20_sim/package.dsv
[5.227s] -- Up-to-date symlink: /home/zech/robim_ur20_sim/install/robim_ur20_sim/share/ament_index/resource_index/packages/robim_ur20_sim
[5.227s] -- Up-to-date symlink: /home/zech/robim_ur20_sim/install/robim_ur20_sim/share/robim_ur20_sim/cmake/robim_ur20_simConfig.cmake
[5.227s] -- Up-to-date symlink: /home/zech/robim_ur20_sim/install/robim_ur20_sim/share/robim_ur20_sim/cmake/robim_ur20_simConfig-version.cmake
[5.227s] -- Up-to-date symlink: /home/zech/robim_ur20_sim/install/robim_ur20_sim/share/robim_ur20_sim/package.xml
[5.229s] Invoked command in '/home/zech/robim_ur20_sim/build/robim_ur20_sim' returned '0': CMAKE_PREFIX_PATH=${CMAKE_PREFIX_PATH}:/home/zech/exia_ws/install/exia_driver:/home/zech/exia_ws/install/exia_control:/opt/ros/humble /usr/bin/cmake --install /home/zech/robim_ur20_sim/build/robim_ur20_sim
