[ 16%] Building CXX object CMakeFiles/room_publisher.dir/src/room_publisher.cpp.o
[ 50%] Built target sweep_mover
[ 83%] Built target test_move
/home/zech/robim_ur20_sim/src/robim_ur20_sim/src/room_publisher.cpp: In member function ‘void RoomPublisher::loadParameters()’:
/home/zech/robim_ur20_sim/src/robim_ur20_sim/src/room_publisher.cpp:48:7: error: ‘x_min_’ was not declared in this scope
   48 |       x_min_ = get_parameter_or<double>("x_min", -2.50);
      |       ^~~~~~
/home/zech/robim_ur20_sim/src/robim_ur20_sim/src/room_publisher.cpp:49:7: error: ‘x_max_’ was not declared in this scope
   49 |       x_max_ = get_parameter_or<double>("x_max", 1.12);
      |       ^~~~~~
/home/zech/robim_ur20_sim/src/robim_ur20_sim/src/room_publisher.cpp:50:7: error: ‘y_min_’ was not declared in this scope
   50 |       y_min_ = get_parameter_or<double>("y_min", -1.50);
      |       ^~~~~~
/home/zech/robim_ur20_sim/src/robim_ur20_sim/src/room_publisher.cpp:51:7: error: ‘y_max_’ was not declared in this scope
   51 |       y_max_ = get_parameter_or<double>("y_max", 1.50);
      |       ^~~~~~
/home/zech/robim_ur20_sim/src/robim_ur20_sim/src/room_publisher.cpp: In member function ‘std::vector<Box> RoomPublisher::buildRoom()’:
/home/zech/robim_ur20_sim/src/robim_ur20_sim/src/room_publisher.cpp:58:24: error: ‘x_max_’ was not declared in this scope
   58 |       double width_x = x_max_ - x_min_;
      |                        ^~~~~~
/home/zech/robim_ur20_sim/src/robim_ur20_sim/src/room_publisher.cpp:58:33: error: ‘x_min_’ was not declared in this scope
   58 |       double width_x = x_max_ - x_min_;
      |                                 ^~~~~~
/home/zech/robim_ur20_sim/src/robim_ur20_sim/src/room_publisher.cpp:59:24: error: ‘y_max_’ was not declared in this scope
   59 |       double width_y = y_max_ - y_min_;
      |                        ^~~~~~
/home/zech/robim_ur20_sim/src/robim_ur20_sim/src/room_publisher.cpp:59:33: error: ‘y_min_’ was not declared in this scope
   59 |       double width_y = y_max_ - y_min_;
      |                                 ^~~~~~
/home/zech/robim_ur20_sim/src/robim_ur20_sim/src/room_publisher.cpp:68:22: error: no matching function for call to ‘std::vector<Box>::push_back(<brace-enclosed initializer list>)’
   68 |       boxes.push_back({"wall_back",  x_max_ + t / 2.0, center_y, wall_center_z, t, width_y, wall_height});
      |       ~~~~~~~~~~~~~~~^~~~~~~~~~~~~~~~~~~~~~~~~~~~~~~~~~~~~~~~~~~~~~~~~~~~~~~~~~~~~~~~~~~~~~~~~~~~~~~~~~~~
In file included from /usr/include/c++/11/vector:67,
                 from /home/zech/robim_ur20_sim/src/robim_ur20_sim/src/room_publisher.cpp:3:
/usr/include/c++/11/bits/stl_vector.h:1187:7: note: candidate: ‘void std::vector<_Tp, _Alloc>::push_back(const value_type&) [with _Tp = Box; _Alloc = std::allocator<Box>; std::vector<_Tp, _Alloc>::value_type = Box]’
 1187 |       push_back(const value_type& __x)
      |       ^~~~~~~~~
/usr/include/c++/11/bits/stl_vector.h:1187:35: note:   no known conversion for argument 1 from ‘<brace-enclosed initializer list>’ to ‘const value_type&’ {aka ‘const Box&’}
 1187 |       push_back(const value_type& __x)
      |                 ~~~~~~~~~~~~~~~~~~^~~
/usr/include/c++/11/bits/stl_vector.h:1203:7: note: candidate: ‘void std::vector<_Tp, _Alloc>::push_back(std::vector<_Tp, _Alloc>::value_type&&) [with _Tp = Box; _Alloc = std::allocator<Box>; std::vector<_Tp, _Alloc>::value_type = Box]’
 1203 |       push_back(value_type&& __x)
      |       ^~~~~~~~~
/usr/include/c++/11/bits/stl_vector.h:1203:30: note:   no known conversion for argument 1 from ‘<brace-enclosed initializer list>’ to ‘std::vector<Box>::value_type&&’ {aka ‘Box&&’}
 1203 |       push_back(value_type&& __x)
      |                 ~~~~~~~~~~~~~^~~
/home/zech/robim_ur20_sim/src/robim_ur20_sim/src/room_publisher.cpp:69:22: error: no matching function for call to ‘std::vector<Box>::push_back(<brace-enclosed initializer list>)’
   69 |       boxes.push_back({"wall_front", x_min_ - t / 2.0, center_y, wall_center_z, t, width_y, wall_height});
      |       ~~~~~~~~~~~~~~~^~~~~~~~~~~~~~~~~~~~~~~~~~~~~~~~~~~~~~~~~~~~~~~~~~~~~~~~~~~~~~~~~~~~~~~~~~~~~~~~~~~~
In file included from /usr/include/c++/11/vector:67,
                 from /home/zech/robim_ur20_sim/src/robim_ur20_sim/src/room_publisher.cpp:3:
/usr/include/c++/11/bits/stl_vector.h:1187:7: note: candidate: ‘void std::vector<_Tp, _Alloc>::push_back(const value_type&) [with _Tp = Box; _Alloc = std::allocator<Box>; std::vector<_Tp, _Alloc>::value_type = Box]’
 1187 |       push_back(const value_type& __x)
      |       ^~~~~~~~~
/usr/include/c++/11/bits/stl_vector.h:1187:35: note:   no known conversion for argument 1 from ‘<brace-enclosed initializer list>’ to ‘const value_type&’ {aka ‘const Box&’}
 1187 |       push_back(const value_type& __x)
      |                 ~~~~~~~~~~~~~~~~~~^~~
/usr/include/c++/11/bits/stl_vector.h:1203:7: note: candidate: ‘void std::vector<_Tp, _Alloc>::push_back(std::vector<_Tp, _Alloc>::value_type&&) [with _Tp = Box; _Alloc = std::allocator<Box>; std::vector<_Tp, _Alloc>::value_type = Box]’
 1203 |       push_back(value_type&& __x)
      |       ^~~~~~~~~
/usr/include/c++/11/bits/stl_vector.h:1203:30: note:   no known conversion for argument 1 from ‘<brace-enclosed initializer list>’ to ‘std::vector<Box>::value_type&&’ {aka ‘Box&&’}
 1203 |       push_back(value_type&& __x)
      |                 ~~~~~~~~~~~~~^~~
/home/zech/robim_ur20_sim/src/robim_ur20_sim/src/room_publisher.cpp:70:22: error: no matching function for call to ‘std::vector<Box>::push_back(<brace-enclosed initializer list>)’
   70 |       boxes.push_back({"wall_left",  center_x, y_max_ + t / 2.0, wall_center_z, width_x, t, wall_height});
      |       ~~~~~~~~~~~~~~~^~~~~~~~~~~~~~~~~~~~~~~~~~~~~~~~~~~~~~~~~~~~~~~~~~~~~~~~~~~~~~~~~~~~~~~~~~~~~~~~~~~~
In file included from /usr/include/c++/11/vector:67,
                 from /home/zech/robim_ur20_sim/src/robim_ur20_sim/src/room_publisher.cpp:3:
/usr/include/c++/11/bits/stl_vector.h:1187:7: note: candidate: ‘void std::vector<_Tp, _Alloc>::push_back(const value_type&) [with _Tp = Box; _Alloc = std::allocator<Box>; std::vector<_Tp, _Alloc>::value_type = Box]’
 1187 |       push_back(const value_type& __x)
      |       ^~~~~~~~~
/usr/include/c++/11/bits/stl_vector.h:1187:35: note:   no known conversion for argument 1 from ‘<brace-enclosed initializer list>’ to ‘const value_type&’ {aka ‘const Box&’}
 1187 |       push_back(const value_type& __x)
      |                 ~~~~~~~~~~~~~~~~~~^~~
/usr/include/c++/11/bits/stl_vector.h:1203:7: note: candidate: ‘void std::vector<_Tp, _Alloc>::push_back(std::vector<_Tp, _Alloc>::value_type&&) [with _Tp = Box; _Alloc = std::allocator<Box>; std::vector<_Tp, _Alloc>::value_type = Box]’
 1203 |       push_back(value_type&& __x)
      |       ^~~~~~~~~
/usr/include/c++/11/bits/stl_vector.h:1203:30: note:   no known conversion for argument 1 from ‘<brace-enclosed initializer list>’ to ‘std::vector<Box>::value_type&&’ {aka ‘Box&&’}
 1203 |       push_back(value_type&& __x)
      |                 ~~~~~~~~~~~~~^~~
/home/zech/robim_ur20_sim/src/robim_ur20_sim/src/room_publisher.cpp:71:22: error: no matching function for call to ‘std::vector<Box>::push_back(<brace-enclosed initializer list>)’
   71 |       boxes.push_back({"wall_right", center_x, y_min_ - t / 2.0, wall_center_z, width_x, t, wall_height});
      |       ~~~~~~~~~~~~~~~^~~~~~~~~~~~~~~~~~~~~~~~~~~~~~~~~~~~~~~~~~~~~~~~~~~~~~~~~~~~~~~~~~~~~~~~~~~~~~~~~~~~
In file included from /usr/include/c++/11/vector:67,
                 from /home/zech/robim_ur20_sim/src/robim_ur20_sim/src/room_publisher.cpp:3:
/usr/include/c++/11/bits/stl_vector.h:1187:7: note: candidate: ‘void std::vector<_Tp, _Alloc>::push_back(const value_type&) [with _Tp = Box; _Alloc = std::allocator<Box>; std::vector<_Tp, _Alloc>::value_type = Box]’
 1187 |       push_back(const value_type& __x)
      |       ^~~~~~~~~
/usr/include/c++/11/bits/stl_vector.h:1187:35: note:   no known conversion for argument 1 from ‘<brace-enclosed initializer list>’ to ‘const value_type&’ {aka ‘const Box&’}
 1187 |       push_back(const value_type& __x)
      |                 ~~~~~~~~~~~~~~~~~~^~~
/usr/include/c++/11/bits/stl_vector.h:1203:7: note: candidate: ‘void std::vector<_Tp, _Alloc>::push_back(std::vector<_Tp, _Alloc>::value_type&&) [with _Tp = Box; _Alloc = std::allocator<Box>; std::vector<_Tp, _Alloc>::value_type = Box]’
 1203 |       push_back(value_type&& __x)
      |       ^~~~~~~~~
/usr/include/c++/11/bits/stl_vector.h:1203:30: note:   no known conversion for argument 1 from ‘<brace-enclosed initializer list>’ to ‘std::vector<Box>::value_type&&’ {aka ‘Box&&’}
 1203 |       push_back(value_type&& __x)
      |                 ~~~~~~~~~~~~~^~~
gmake[2]: *** [CMakeFiles/room_publisher.dir/build.make:76: CMakeFiles/room_publisher.dir/src/room_publisher.cpp.o] Error 1
gmake[1]: *** [CMakeFiles/Makefile2:167: CMakeFiles/room_publisher.dir/all] Error 2
gmake: *** [Makefile:146: all] Error 2
