[0.007s] Invoking command in '/home/zech/robim_ur20_sim/build/robim_ur20_sim': CMAKE_PREFIX_PATH=${CMAKE_PREFIX_PATH}:/home/zech/exia_ws/install/exia_driver:/home/zech/exia_ws/install/exia_control:/opt/ros/humble /usr/bin/cmake --build /home/zech/robim_ur20_sim/build/robim_ur20_sim -- -j20 -l20
[0.053s] [ 33%] Built target test_move
[0.055s] [ 66%] Built target room_publisher
[0.055s] [100%] Built target sweep_mover
[0.063s] Invoked command in '/home/zech/robim_ur20_sim/build/robim_ur20_sim' returned '0': CMAKE_PREFIX_PATH=${CMAKE_PREFIX_PATH}:/home/zech/exia_ws/install/exia_driver:/home/zech/exia_ws/install/exia_control:/opt/ros/humble /usr/bin/cmake --build /home/zech/robim_ur20_sim/build/robim_ur20_sim -- -j20 -l20
[0.072s] Invoking command in '/home/zech/robim_ur20_sim/build/robim_ur20_sim': CMAKE_PREFIX_PATH=${CMAKE_PREFIX_PATH}:/home/zech/exia_ws/install/exia_driver:/home/zech/exia_ws/install/exia_control:/opt/ros/humble /usr/bin/cmake --install /home/zech/robim_ur20_sim/build/robim_ur20_sim
[0.081s] -- Install configuration: ""
[0.081s] -- Execute custom install script
[0.082s] -- Up-to-date symlink: /home/zech/robim_ur20_sim/install/robim_ur20_sim/lib/robim_ur20_sim/sweep_mover
[0.082s] -- Up-to-date symlink: /home/zech/robim_ur20_sim/install/robim_ur20_sim/lib/robim_ur20_sim/room_publisher
[0.082s] -- Up-to-date symlink: /home/zech/robim_ur20_sim/install/robim_ur20_sim/lib/robim_ur20_sim/test_move
[0.082s] -- Up-to-date symlink: /home/zech/robim_ur20_sim/install/robim_ur20_sim/share/robim_ur20_sim/launch/sim.launch.py
[0.083s] -- Up-to-date symlink: /home/zech/robim_ur20_sim/install/robim_ur20_sim/share/robim_ur20_sim/launch/sweep.launch.py
[0.083s] -- Up-to-date symlink: /home/zech/robim_ur20_sim/install/robim_ur20_sim/share/robim_ur20_sim/launch/test_move.launch.py
[0.083s] -- Up-to-date symlink: /home/zech/robim_ur20_sim/install/robim_ur20_sim/share/robim_ur20_sim/config/initial_positions.yaml
[0.083s] -- Up-to-date symlink: /home/zech/robim_ur20_sim/install/robim_ur20_sim/share/robim_ur20_sim/config/room.yaml
[0.083s] -- Up-to-date symlink: /home/zech/robim_ur20_sim/install/robim_ur20_sim/share/robim_ur20_sim/config/sweep.yaml
[0.083s] -- Symlinking: /home/zech/robim_ur20_sim/install/robim_ur20_sim/share/robim_ur20_sim/config/ur20/default_kinematics.yaml
[0.092s] -- Symlinking: /home/zech/robim_ur20_sim/install/robim_ur20_sim/share/robim_ur20_sim/config/ur20/joint_limits.yaml
[0.101s] -- Symlinking: /home/zech/robim_ur20_sim/install/robim_ur20_sim/share/robim_ur20_sim/config/ur20/physical_parameters.yaml
[0.110s] -- Symlinking: /home/zech/robim_ur20_sim/install/robim_ur20_sim/share/robim_ur20_sim/config/ur20/visual_parameters.yaml
[0.121s] -- Up-to-date symlink: /home/zech/robim_ur20_sim/install/robim_ur20_sim/share/robim_ur20_sim/urdf/ur20_parked.urdf.xacro
[0.121s] -- Up-to-date symlink: /home/zech/robim_ur20_sim/install/robim_ur20_sim/share/ament_index/resource_index/package_run_dependencies/robim_ur20_sim
[0.121s] -- Up-to-date symlink: /home/zech/robim_ur20_sim/install/robim_ur20_sim/share/ament_index/resource_index/parent_prefix_path/robim_ur20_sim
[0.122s] -- Up-to-date symlink: /home/zech/robim_ur20_sim/install/robim_ur20_sim/share/robim_ur20_sim/environment/ament_prefix_path.sh
[0.122s] -- Up-to-date symlink: /home/zech/robim_ur20_sim/install/robim_ur20_sim/share/robim_ur20_sim/environment/ament_prefix_path.dsv
[0.122s] -- Up-to-date symlink: /home/zech/robim_ur20_sim/install/robim_ur20_sim/share/robim_ur20_sim/environment/path.sh
[0.122s] -- Up-to-date symlink: /home/zech/robim_ur20_sim/install/robim_ur20_sim/share/robim_ur20_sim/environment/path.dsv
[0.122s] -- Up-to-date symlink: /home/zech/robim_ur20_sim/install/robim_ur20_sim/share/robim_ur20_sim/local_setup.bash
[0.122s] -- Up-to-date symlink: /home/zech/robim_ur20_sim/install/robim_ur20_sim/share/robim_ur20_sim/local_setup.sh
[0.122s] -- Up-to-date symlink: /home/zech/robim_ur20_sim/install/robim_ur20_sim/share/robim_ur20_sim/local_setup.zsh
[0.122s] -- Up-to-date symlink: /home/zech/robim_ur20_sim/install/robim_ur20_sim/share/robim_ur20_sim/local_setup.dsv
[0.122s] -- Symlinking: /home/zech/robim_ur20_sim/install/robim_ur20_sim/share/robim_ur20_sim/package.dsv
[0.128s] -- Up-to-date symlink: /home/zech/robim_ur20_sim/install/robim_ur20_sim/share/ament_index/resource_index/packages/robim_ur20_sim
[0.128s] -- Up-to-date symlink: /home/zech/robim_ur20_sim/install/robim_ur20_sim/share/robim_ur20_sim/cmake/robim_ur20_simConfig.cmake
[0.128s] -- Up-to-date symlink: /home/zech/robim_ur20_sim/install/robim_ur20_sim/share/robim_ur20_sim/cmake/robim_ur20_simConfig-version.cmake
[0.128s] -- Up-to-date symlink: /home/zech/robim_ur20_sim/install/robim_ur20_sim/share/robim_ur20_sim/package.xml
[0.129s] Invoked command in '/home/zech/robim_ur20_sim/build/robim_ur20_sim' returned '0': CMAKE_PREFIX_PATH=${CMAKE_PREFIX_PATH}:/home/zech/exia_ws/install/exia_driver:/home/zech/exia_ws/install/exia_control:/opt/ros/humble /usr/bin/cmake --install /home/zech/robim_ur20_sim/build/robim_ur20_sim
