[0.006s] Invoking command in '/home/zech/robim_ur20_sim/build/ur20_sim': CMAKE_PREFIX_PATH=${CMAKE_PREFIX_PATH}:/home/zech/exia_ws/install/exia_driver:/home/zech/exia_ws/install/exia_control:/opt/ros/humble /usr/bin/cmake /home/zech/robim_ur20_sim/src/ur20_sim -DAMENT_CMAKE_SYMLINK_INSTALL=1 -DCMAKE_INSTALL_PREFIX=/home/zech/robim_ur20_sim/install/ur20_sim
[0.015s] -- Found ament_cmake: 1.3.14 (/opt/ros/humble/share/ament_cmake/cmake)
[0.095s] -- Override CMake install command with custom implementation using symlinks instead of copying resources
[0.099s] -- Found rclcpp: 16.0.19 (/opt/ros/humble/share/rclcpp/cmake)
[0.116s] -- Found rosidl_generator_c: 3.1.9 (/opt/ros/humble/share/rosidl_generator_c/cmake)
[0.117s] -- Found rosidl_adapter: 3.1.9 (/opt/ros/humble/share/rosidl_adapter/cmake)
[0.121s] -- Found rosidl_generator_cpp: 3.1.9 (/opt/ros/humble/share/rosidl_generator_cpp/cmake)
[0.126s] -- Using all available rosidl_typesupport_c: rosidl_typesupport_fastrtps_c;rosidl_typesupport_introspection_c
[0.132s] -- Using all available rosidl_typesupport_cpp: rosidl_typesupport_fastrtps_cpp;rosidl_typesupport_introspection_cpp
[0.150s] -- Found rmw_implementation_cmake: 6.1.3 (/opt/ros/humble/share/rmw_implementation_cmake/cmake)
[0.151s] -- Found rmw_fastrtps_cpp: 6.2.10 (/opt/ros/humble/share/rmw_fastrtps_cpp/cmake)
[0.230s] -- Using RMW implementation 'rmw_fastrtps_cpp' as default
[0.263s] -- Found moveit_ros_planning_interface: 2.5.9 (/opt/ros/humble/share/moveit_ros_planning_interface/cmake)
[0.269s] -- Found Boost: /usr/lib/x86_64-linux-gnu/cmake/Boost-1.74.0/BoostConfig.cmake (found version "1.74.0") found components: date_time filesystem program_options system thread 
[0.362s] -- Found Boost: /usr/lib/x86_64-linux-gnu/cmake/Boost-1.74.0/BoostConfig.cmake (found version "1.74.0") found components: chrono date_time filesystem iostreams program_options regex serialization system thread 
[0.376s] -- Found parameter_traits: 0.7.5 (/opt/ros/humble/share/parameter_traits/cmake)
[0.380s] -- Found rclcpp_lifecycle: 16.0.19 (/opt/ros/humble/share/rclcpp_lifecycle/cmake)
[0.413s] -- library: /usr/lib/x86_64-linux-gnu/libcurl.so
[0.434s] -- Ensuring Eigen3 include directory is part of orocos-kdl CMake target
[0.500s] -- Found Boost: /usr/lib/x86_64-linux-gnu/cmake/Boost-1.74.0/BoostConfig.cmake (found version "1.74.0") found components: system filesystem date_time program_options thread chrono 
[0.519s] -- Found Boost: /usr/lib/x86_64-linux-gnu/cmake/Boost-1.74.0/BoostConfig.cmake (found version "1.74.0") found components: thread system filesystem regex date_time program_options 
[0.531s] -- Found Boost: /usr/lib/x86_64-linux-gnu/cmake/Boost-1.74.0/BoostConfig.cmake (found version "1.74.0") found components: system filesystem date_time program_options thread 
[0.610s] -- Configuring done
[0.640s] -- Generating done
[0.651s] -- Build files have been written to: /home/zech/robim_ur20_sim/build/ur20_sim
[0.659s] Invoked command in '/home/zech/robim_ur20_sim/build/ur20_sim' returned '0': CMAKE_PREFIX_PATH=${CMAKE_PREFIX_PATH}:/home/zech/exia_ws/install/exia_driver:/home/zech/exia_ws/install/exia_control:/opt/ros/humble /usr/bin/cmake /home/zech/robim_ur20_sim/src/ur20_sim -DAMENT_CMAKE_SYMLINK_INSTALL=1 -DCMAKE_INSTALL_PREFIX=/home/zech/robim_ur20_sim/install/ur20_sim
[0.661s] Invoking command in '/home/zech/robim_ur20_sim/build/ur20_sim': CMAKE_PREFIX_PATH=${CMAKE_PREFIX_PATH}:/home/zech/exia_ws/install/exia_driver:/home/zech/exia_ws/install/exia_control:/opt/ros/humble /usr/bin/cmake --build /home/zech/robim_ur20_sim/build/ur20_sim -- -j20 -l20
[0.695s] Consolidate compiler generated dependencies of target sweep_mover
[0.699s] Consolidate compiler generated dependencies of target room_publisher
[0.699s] Consolidate compiler generated dependencies of target test_move
[0.702s] [ 12%] Building CXX object CMakeFiles/axis_test.dir/src/calibration_tests/axis_test.cpp.o
[0.710s] [ 37%] Built target sweep_mover
[0.712s] [ 62%] Built target test_move
[0.714s] [ 87%] Built target room_publisher
[5.334s] [100%] Linking CXX executable axis_test
[5.538s] [100%] Built target axis_test
[5.544s] Invoked command in '/home/zech/robim_ur20_sim/build/ur20_sim' returned '0': CMAKE_PREFIX_PATH=${CMAKE_PREFIX_PATH}:/home/zech/exia_ws/install/exia_driver:/home/zech/exia_ws/install/exia_control:/opt/ros/humble /usr/bin/cmake --build /home/zech/robim_ur20_sim/build/ur20_sim -- -j20 -l20
[5.552s] Invoking command in '/home/zech/robim_ur20_sim/build/ur20_sim': CMAKE_PREFIX_PATH=${CMAKE_PREFIX_PATH}:/home/zech/exia_ws/install/exia_driver:/home/zech/exia_ws/install/exia_control:/opt/ros/humble /usr/bin/cmake --install /home/zech/robim_ur20_sim/build/ur20_sim
[5.562s] -- Install configuration: ""
[5.562s] -- Execute custom install script
[5.562s] -- Up-to-date symlink: /home/zech/robim_ur20_sim/install/ur20_sim/lib/ur20_sim/sweep_mover
[5.562s] -- Up-to-date symlink: /home/zech/robim_ur20_sim/install/ur20_sim/lib/ur20_sim/room_publisher
[5.562s] -- Up-to-date symlink: /home/zech/robim_ur20_sim/install/ur20_sim/lib/ur20_sim/test_move
[5.562s] -- Symlinking: /home/zech/robim_ur20_sim/install/ur20_sim/lib/ur20_sim/axis_test
[5.571s] -- Symlinking: /home/zech/robim_ur20_sim/install/ur20_sim/share/ur20_sim/launch/axis_test.launch.py
[5.580s] -- Up-to-date symlink: /home/zech/robim_ur20_sim/install/ur20_sim/share/ur20_sim/launch/sim.launch.py
[5.580s] -- Up-to-date symlink: /home/zech/robim_ur20_sim/install/ur20_sim/share/ur20_sim/launch/sweep.launch.py
[5.580s] -- Up-to-date symlink: /home/zech/robim_ur20_sim/install/ur20_sim/share/ur20_sim/launch/test_move.launch.py
[5.580s] -- Symlinking: /home/zech/robim_ur20_sim/install/ur20_sim/share/ur20_sim/config/axis_test.yaml
[5.591s] -- Up-to-date symlink: /home/zech/robim_ur20_sim/install/ur20_sim/share/ur20_sim/config/initial_positions.yaml
[5.592s] -- Up-to-date symlink: /home/zech/robim_ur20_sim/install/ur20_sim/share/ur20_sim/config/room.yaml
[5.592s] -- Up-to-date symlink: /home/zech/robim_ur20_sim/install/ur20_sim/share/ur20_sim/config/sweep.yaml
[5.592s] -- Up-to-date symlink: /home/zech/robim_ur20_sim/install/ur20_sim/share/ur20_sim/config/test_move.yaml
[5.592s] -- Up-to-date symlink: /home/zech/robim_ur20_sim/install/ur20_sim/share/ur20_sim/config/ur20/default_kinematics.yaml
[5.592s] -- Up-to-date symlink: /home/zech/robim_ur20_sim/install/ur20_sim/share/ur20_sim/config/ur20/joint_limits.yaml
[5.593s] -- Up-to-date symlink: /home/zech/robim_ur20_sim/install/ur20_sim/share/ur20_sim/config/ur20/physical_parameters.yaml
[5.593s] -- Up-to-date symlink: /home/zech/robim_ur20_sim/install/ur20_sim/share/ur20_sim/config/ur20/visual_parameters.yaml
[5.593s] -- Up-to-date symlink: /home/zech/robim_ur20_sim/install/ur20_sim/share/ur20_sim/config/ur20_calibration.yaml
[5.593s] -- Up-to-date symlink: /home/zech/robim_ur20_sim/install/ur20_sim/share/ur20_sim/urdf/ur20_parked.urdf.xacro
[5.593s] -- Up-to-date symlink: /home/zech/robim_ur20_sim/install/ur20_sim/share/ament_index/resource_index/package_run_dependencies/ur20_sim
[5.594s] -- Up-to-date symlink: /home/zech/robim_ur20_sim/install/ur20_sim/share/ament_index/resource_index/parent_prefix_path/ur20_sim
[5.594s] -- Up-to-date symlink: /home/zech/robim_ur20_sim/install/ur20_sim/share/ur20_sim/environment/ament_prefix_path.sh
[5.594s] -- Up-to-date symlink: /home/zech/robim_ur20_sim/install/ur20_sim/share/ur20_sim/environment/ament_prefix_path.dsv
[5.594s] -- Up-to-date symlink: /home/zech/robim_ur20_sim/install/ur20_sim/share/ur20_sim/environment/path.sh
[5.594s] -- Up-to-date symlink: /home/zech/robim_ur20_sim/install/ur20_sim/share/ur20_sim/environment/path.dsv
[5.594s] -- Up-to-date symlink: /home/zech/robim_ur20_sim/install/ur20_sim/share/ur20_sim/local_setup.bash
[5.594s] -- Up-to-date symlink: /home/zech/robim_ur20_sim/install/ur20_sim/share/ur20_sim/local_setup.sh
[5.594s] -- Up-to-date symlink: /home/zech/robim_ur20_sim/install/ur20_sim/share/ur20_sim/local_setup.zsh
[5.594s] -- Up-to-date symlink: /home/zech/robim_ur20_sim/install/ur20_sim/share/ur20_sim/local_setup.dsv
[5.594s] -- Symlinking: /home/zech/robim_ur20_sim/install/ur20_sim/share/ur20_sim/package.dsv
[5.603s] -- Up-to-date symlink: /home/zech/robim_ur20_sim/install/ur20_sim/share/ament_index/resource_index/packages/ur20_sim
[5.603s] -- Up-to-date symlink: /home/zech/robim_ur20_sim/install/ur20_sim/share/ur20_sim/cmake/ur20_simConfig.cmake
[5.603s] -- Up-to-date symlink: /home/zech/robim_ur20_sim/install/ur20_sim/share/ur20_sim/cmake/ur20_simConfig-version.cmake
[5.603s] -- Up-to-date symlink: /home/zech/robim_ur20_sim/install/ur20_sim/share/ur20_sim/package.xml
[5.605s] Invoked command in '/home/zech/robim_ur20_sim/build/ur20_sim' returned '0': CMAKE_PREFIX_PATH=${CMAKE_PREFIX_PATH}:/home/zech/exia_ws/install/exia_driver:/home/zech/exia_ws/install/exia_control:/opt/ros/humble /usr/bin/cmake --install /home/zech/robim_ur20_sim/build/ur20_sim
