[0.051s] DEBUG:colcon:Command line arguments: ['/usr/bin/colcon', 'build']
[0.051s] DEBUG:colcon:Parsed command line arguments: Namespace(log_base=None, log_level=None, verb_name='build', build_base='build', install_base='install', merge_install=False, symlink_install=False, test_result_base=None, continue_on_error=False, executor='parallel', parallel_workers=20, event_handlers=None, ignore_user_meta=False, metas=['./colcon.meta'], base_paths=['.'], packages_ignore=None, packages_ignore_regex=None, paths=None, packages_up_to=None, packages_up_to_regex=None, packages_above=None, packages_above_and_dependencies=None, packages_above_depth=None, packages_select_by_dep=None, packages_skip_by_dep=None, packages_skip_up_to=None, packages_select_build_failed=False, packages_skip_build_finished=False, packages_select_test_failures=False, packages_skip_test_passed=False, packages_select=None, packages_skip=None, packages_select_regex=None, packages_skip_regex=None, packages_start=None, packages_end=None, allow_overriding=[], cmake_args=None, cmake_target=None, cmake_target_skip_unavailable=False, cmake_clean_cache=False, cmake_clean_first=False, cmake_force_configure=False, ament_cmake_args=None, catkin_cmake_args=None, catkin_skip_building_tests=False, verb_parser=<colcon_defaults.argument_parser.defaults.DefaultArgumentsDecorator object at 0x7185ad67c1c0>, verb_extension=<colcon_core.verb.build.BuildVerb object at 0x7185ad643880>, main=<bound method BuildVerb.main of <colcon_core.verb.build.BuildVerb object at 0x7185ad643880>>)
[0.132s] Level 1:colcon.colcon_core.package_discovery:discover_packages(colcon_meta) check parameters
[0.132s] Level 1:colcon.colcon_core.package_discovery:discover_packages(recursive) check parameters
[0.132s] Level 1:colcon.colcon_core.package_discovery:discover_packages(ignore) check parameters
[0.132s] Level 1:colcon.colcon_core.package_discovery:discover_packages(path) check parameters
[0.132s] Level 1:colcon.colcon_core.package_discovery:discover_packages(colcon_meta) discover
[0.132s] Level 1:colcon.colcon_core.package_discovery:discover_packages(recursive) discover
[0.132s] INFO:colcon.colcon_core.package_discovery:Crawling recursively for packages in '/home/zech/robim_ur20_sim'
[0.132s] Level 1:colcon.colcon_core.package_identification:_identify(.) by extensions ['ignore', 'ignore_ament_install']
[0.132s] Level 1:colcon.colcon_core.package_identification:_identify(.) by extension 'ignore'
[0.132s] Level 1:colcon.colcon_core.package_identification:_identify(.) by extension 'ignore_ament_install'
[0.132s] Level 1:colcon.colcon_core.package_identification:_identify(.) by extensions ['colcon_pkg']
[0.132s] Level 1:colcon.colcon_core.package_identification:_identify(.) by extension 'colcon_pkg'
[0.132s] Level 1:colcon.colcon_core.package_identification:_identify(.) by extensions ['colcon_meta']
[0.132s] Level 1:colcon.colcon_core.package_identification:_identify(.) by extension 'colcon_meta'
[0.132s] Level 1:colcon.colcon_core.package_identification:_identify(.) by extensions ['ros']
[0.132s] Level 1:colcon.colcon_core.package_identification:_identify(.) by extension 'ros'
[0.154s] Level 1:colcon.colcon_core.package_identification:_identify(.) by extensions ['cmake', 'python']
[0.154s] Level 1:colcon.colcon_core.package_identification:_identify(.) by extension 'cmake'
[0.154s] Level 1:colcon.colcon_core.package_identification:_identify(.) by extension 'python'
[0.155s] Level 1:colcon.colcon_core.package_identification:_identify(.) by extensions ['python_setup_py']
[0.155s] Level 1:colcon.colcon_core.package_identification:_identify(.) by extension 'python_setup_py'
[0.155s] Level 1:colcon.colcon_core.package_identification:_identify(build) by extensions ['ignore', 'ignore_ament_install']
[0.155s] Level 1:colcon.colcon_core.package_identification:_identify(build) by extension 'ignore'
[0.155s] Level 1:colcon.colcon_core.package_identification:_identify(build) ignored
[0.155s] Level 1:colcon.colcon_core.package_identification:_identify(install) by extensions ['ignore', 'ignore_ament_install']
[0.155s] Level 1:colcon.colcon_core.package_identification:_identify(install) by extension 'ignore'
[0.155s] Level 1:colcon.colcon_core.package_identification:_identify(install) ignored
[0.155s] Level 1:colcon.colcon_core.package_identification:_identify(log) by extensions ['ignore', 'ignore_ament_install']
[0.155s] Level 1:colcon.colcon_core.package_identification:_identify(log) by extension 'ignore'
[0.155s] Level 1:colcon.colcon_core.package_identification:_identify(log) ignored
[0.155s] Level 1:colcon.colcon_core.package_identification:_identify(src) by extensions ['ignore', 'ignore_ament_install']
[0.155s] Level 1:colcon.colcon_core.package_identification:_identify(src) by extension 'ignore'
[0.155s] Level 1:colcon.colcon_core.package_identification:_identify(src) by extension 'ignore_ament_install'
[0.155s] Level 1:colcon.colcon_core.package_identification:_identify(src) by extensions ['colcon_pkg']
[0.155s] Level 1:colcon.colcon_core.package_identification:_identify(src) by extension 'colcon_pkg'
[0.155s] Level 1:colcon.colcon_core.package_identification:_identify(src) by extensions ['colcon_meta']
[0.155s] Level 1:colcon.colcon_core.package_identification:_identify(src) by extension 'colcon_meta'
[0.155s] Level 1:colcon.colcon_core.package_identification:_identify(src) by extensions ['ros']
[0.155s] Level 1:colcon.colcon_core.package_identification:_identify(src) by extension 'ros'
[0.155s] Level 1:colcon.colcon_core.package_identification:_identify(src) by extensions ['cmake', 'python']
[0.155s] Level 1:colcon.colcon_core.package_identification:_identify(src) by extension 'cmake'
[0.155s] Level 1:colcon.colcon_core.package_identification:_identify(src) by extension 'python'
[0.155s] Level 1:colcon.colcon_core.package_identification:_identify(src) by extensions ['python_setup_py']
[0.155s] Level 1:colcon.colcon_core.package_identification:_identify(src) by extension 'python_setup_py'
[0.155s] Level 1:colcon.colcon_core.package_identification:_identify(src/robim_ur20_sim) by extensions ['ignore', 'ignore_ament_install']
[0.155s] Level 1:colcon.colcon_core.package_identification:_identify(src/robim_ur20_sim) by extension 'ignore'
[0.155s] Level 1:colcon.colcon_core.package_identification:_identify(src/robim_ur20_sim) by extension 'ignore_ament_install'
[0.155s] Level 1:colcon.colcon_core.package_identification:_identify(src/robim_ur20_sim) by extensions ['colcon_pkg']
[0.155s] Level 1:colcon.colcon_core.package_identification:_identify(src/robim_ur20_sim) by extension 'colcon_pkg'
[0.155s] Level 1:colcon.colcon_core.package_identification:_identify(src/robim_ur20_sim) by extensions ['colcon_meta']
[0.155s] Level 1:colcon.colcon_core.package_identification:_identify(src/robim_ur20_sim) by extension 'colcon_meta'
[0.156s] Level 1:colcon.colcon_core.package_identification:_identify(src/robim_ur20_sim) by extensions ['ros']
[0.156s] Level 1:colcon.colcon_core.package_identification:_identify(src/robim_ur20_sim) by extension 'ros'
[0.157s] DEBUG:colcon.colcon_core.package_identification:Package 'src/robim_ur20_sim' with type 'ros.ament_cmake' and name 'robim_ur20_sim'
[0.157s] Level 1:colcon.colcon_core.package_discovery:discover_packages(recursive) using defaults
[0.157s] Level 1:colcon.colcon_core.package_discovery:discover_packages(ignore) discover
[0.157s] Level 1:colcon.colcon_core.package_discovery:discover_packages(ignore) using defaults
[0.157s] Level 1:colcon.colcon_core.package_discovery:discover_packages(path) discover
[0.157s] Level 1:colcon.colcon_core.package_discovery:discover_packages(path) using defaults
[0.169s] Level 1:colcon.colcon_core.package_discovery:discover_packages(prefix_path) check parameters
[0.169s] Level 1:colcon.colcon_core.package_discovery:discover_packages(prefix_path) discover
[0.170s] DEBUG:colcon.colcon_installed_package_information.package_discovery:Found 1 installed packages in /home/zech/robim_ur20_sim/install
[0.170s] DEBUG:colcon.colcon_installed_package_information.package_discovery:Found 4 installed packages in /home/zech/exia_ws/install
[0.170s] DEBUG:colcon.colcon_installed_package_information.package_discovery:Found 2 installed packages in /home/zech/ros2_ws/install
[0.171s] DEBUG:colcon.colcon_installed_package_information.package_discovery:Found 396 installed packages in /opt/ros/humble
[0.172s] Level 1:colcon.colcon_core.package_discovery:discover_packages(prefix_path) using defaults
[0.197s] Level 5:colcon.colcon_core.verb:set package 'robim_ur20_sim' build argument 'cmake_args' from command line to 'None'
[0.197s] Level 5:colcon.colcon_core.verb:set package 'robim_ur20_sim' build argument 'cmake_target' from command line to 'None'
[0.197s] Level 5:colcon.colcon_core.verb:set package 'robim_ur20_sim' build argument 'cmake_target_skip_unavailable' from command line to 'False'
[0.197s] Level 5:colcon.colcon_core.verb:set package 'robim_ur20_sim' build argument 'cmake_clean_cache' from command line to 'False'
[0.197s] Level 5:colcon.colcon_core.verb:set package 'robim_ur20_sim' build argument 'cmake_clean_first' from command line to 'False'
[0.197s] Level 5:colcon.colcon_core.verb:set package 'robim_ur20_sim' build argument 'cmake_force_configure' from command line to 'False'
[0.197s] Level 5:colcon.colcon_core.verb:set package 'robim_ur20_sim' build argument 'ament_cmake_args' from command line to 'None'
[0.197s] Level 5:colcon.colcon_core.verb:set package 'robim_ur20_sim' build argument 'catkin_cmake_args' from command line to 'None'
[0.197s] Level 5:colcon.colcon_core.verb:set package 'robim_ur20_sim' build argument 'catkin_skip_building_tests' from command line to 'False'
[0.197s] DEBUG:colcon.colcon_core.verb:Building package 'robim_ur20_sim' with the following arguments: {'ament_cmake_args': None, 'build_base': '/home/zech/robim_ur20_sim/build/robim_ur20_sim', 'catkin_cmake_args': None, 'catkin_skip_building_tests': False, 'cmake_args': None, 'cmake_clean_cache': False, 'cmake_clean_first': False, 'cmake_force_configure': False, 'cmake_target': None, 'cmake_target_skip_unavailable': False, 'install_base': '/home/zech/robim_ur20_sim/install/robim_ur20_sim', 'merge_install': False, 'path': '/home/zech/robim_ur20_sim/src/robim_ur20_sim', 'symlink_install': False, 'test_result_base': None}
[0.197s] INFO:colcon.colcon_core.executor:Executing jobs using 'parallel' executor
[0.198s] DEBUG:colcon.colcon_parallel_executor.executor.parallel:run_until_complete
[0.198s] INFO:colcon.colcon_ros.task.ament_cmake.build:Building ROS package in '/home/zech/robim_ur20_sim/src/robim_ur20_sim' with build type 'ament_cmake'
[0.198s] INFO:colcon.colcon_cmake.task.cmake.build:Building CMake package in '/home/zech/robim_ur20_sim/src/robim_ur20_sim'
[0.199s] INFO:colcon.colcon_core.plugin_system:Skipping extension 'colcon_core.shell.bat': Not used on non-Windows systems
[0.199s] INFO:colcon.colcon_core.shell:Skip shell extension 'powershell' for command environment: Not usable outside of PowerShell
[0.199s] DEBUG:colcon.colcon_core.shell:Skip shell extension 'dsv' for command environment
[0.206s] DEBUG:colcon.colcon_core.event_handler.log_command:Invoking command in '/home/zech/robim_ur20_sim/build/robim_ur20_sim': CMAKE_PREFIX_PATH=${CMAKE_PREFIX_PATH}:/home/zech/exia_ws/install/exia_driver:/home/zech/exia_ws/install/exia_control:/opt/ros/humble /usr/bin/cmake /home/zech/robim_ur20_sim/src/robim_ur20_sim -DCMAKE_INSTALL_PREFIX=/home/zech/robim_ur20_sim/install/robim_ur20_sim
[0.776s] DEBUG:colcon.colcon_core.event_handler.log_command:Invoked command in '/home/zech/robim_ur20_sim/build/robim_ur20_sim' returned '0': CMAKE_PREFIX_PATH=${CMAKE_PREFIX_PATH}:/home/zech/exia_ws/install/exia_driver:/home/zech/exia_ws/install/exia_control:/opt/ros/humble /usr/bin/cmake /home/zech/robim_ur20_sim/src/robim_ur20_sim -DCMAKE_INSTALL_PREFIX=/home/zech/robim_ur20_sim/install/robim_ur20_sim
[0.777s] DEBUG:colcon.colcon_core.event_handler.log_command:Invoking command in '/home/zech/robim_ur20_sim/build/robim_ur20_sim': CMAKE_PREFIX_PATH=${CMAKE_PREFIX_PATH}:/home/zech/exia_ws/install/exia_driver:/home/zech/exia_ws/install/exia_control:/opt/ros/humble /usr/bin/cmake --build /home/zech/robim_ur20_sim/build/robim_ur20_sim -- -j20 -l20
[5.024s] DEBUG:colcon.colcon_core.event_handler.log_command:Invoked command in '/home/zech/robim_ur20_sim/build/robim_ur20_sim' returned '0': CMAKE_PREFIX_PATH=${CMAKE_PREFIX_PATH}:/home/zech/exia_ws/install/exia_driver:/home/zech/exia_ws/install/exia_control:/opt/ros/humble /usr/bin/cmake --build /home/zech/robim_ur20_sim/build/robim_ur20_sim -- -j20 -l20
[5.031s] DEBUG:colcon.colcon_core.event_handler.log_command:Invoking command in '/home/zech/robim_ur20_sim/build/robim_ur20_sim': CMAKE_PREFIX_PATH=${CMAKE_PREFIX_PATH}:/home/zech/exia_ws/install/exia_driver:/home/zech/exia_ws/install/exia_control:/opt/ros/humble /usr/bin/cmake --install /home/zech/robim_ur20_sim/build/robim_ur20_sim
[5.049s] Level 1:colcon.colcon_core.environment:create_environment_scripts_only(robim_ur20_sim)
[5.050s] DEBUG:colcon.colcon_core.event_handler.log_command:Invoked command in '/home/zech/robim_ur20_sim/build/robim_ur20_sim' returned '0': CMAKE_PREFIX_PATH=${CMAKE_PREFIX_PATH}:/home/zech/exia_ws/install/exia_driver:/home/zech/exia_ws/install/exia_control:/opt/ros/humble /usr/bin/cmake --install /home/zech/robim_ur20_sim/build/robim_ur20_sim
[5.052s] Level 1:colcon.colcon_core.environment:checking '/home/zech/robim_ur20_sim/install/robim_ur20_sim' for CMake module files
[5.052s] Level 1:colcon.colcon_core.environment:checking '/home/zech/robim_ur20_sim/install/robim_ur20_sim' for CMake config files
[5.053s] Level 1:colcon.colcon_core.shell:create_environment_hook('robim_ur20_sim', 'cmake_prefix_path')
[5.053s] INFO:colcon.colcon_core.shell:Creating environment hook '/home/zech/robim_ur20_sim/install/robim_ur20_sim/share/robim_ur20_sim/hook/cmake_prefix_path.ps1'
[5.054s] INFO:colcon.colcon_core.shell:Creating environment descriptor '/home/zech/robim_ur20_sim/install/robim_ur20_sim/share/robim_ur20_sim/hook/cmake_prefix_path.dsv'
[5.054s] INFO:colcon.colcon_core.shell:Creating environment hook '/home/zech/robim_ur20_sim/install/robim_ur20_sim/share/robim_ur20_sim/hook/cmake_prefix_path.sh'
[5.055s] Level 1:colcon.colcon_core.environment:checking '/home/zech/robim_ur20_sim/install/robim_ur20_sim/lib'
[5.055s] Level 1:colcon.colcon_core.environment:checking '/home/zech/robim_ur20_sim/install/robim_ur20_sim/bin'
[5.055s] Level 1:colcon.colcon_core.environment:checking '/home/zech/robim_ur20_sim/install/robim_ur20_sim/lib/pkgconfig/robim_ur20_sim.pc'
[5.056s] Level 1:colcon.colcon_core.environment:checking '/home/zech/robim_ur20_sim/install/robim_ur20_sim/lib/python3.10/site-packages'
[5.056s] Level 1:colcon.colcon_core.environment:checking '/home/zech/robim_ur20_sim/install/robim_ur20_sim/bin'
[5.056s] INFO:colcon.colcon_core.shell:Creating package script '/home/zech/robim_ur20_sim/install/robim_ur20_sim/share/robim_ur20_sim/package.ps1'
[5.057s] INFO:colcon.colcon_core.shell:Creating package descriptor '/home/zech/robim_ur20_sim/install/robim_ur20_sim/share/robim_ur20_sim/package.dsv'
[5.057s] INFO:colcon.colcon_core.shell:Creating package script '/home/zech/robim_ur20_sim/install/robim_ur20_sim/share/robim_ur20_sim/package.sh'
[5.058s] INFO:colcon.colcon_core.shell:Creating package script '/home/zech/robim_ur20_sim/install/robim_ur20_sim/share/robim_ur20_sim/package.bash'
[5.058s] INFO:colcon.colcon_core.shell:Creating package script '/home/zech/robim_ur20_sim/install/robim_ur20_sim/share/robim_ur20_sim/package.zsh'
[5.058s] Level 1:colcon.colcon_core.environment:create_file_with_runtime_dependencies(/home/zech/robim_ur20_sim/install/robim_ur20_sim/share/colcon-core/packages/robim_ur20_sim)
[5.059s] Level 1:colcon.colcon_core.environment:create_environment_scripts_only(robim_ur20_sim)
[5.059s] Level 1:colcon.colcon_core.environment:checking '/home/zech/robim_ur20_sim/install/robim_ur20_sim' for CMake module files
[5.059s] Level 1:colcon.colcon_core.environment:checking '/home/zech/robim_ur20_sim/install/robim_ur20_sim' for CMake config files
[5.059s] Level 1:colcon.colcon_core.shell:create_environment_hook('robim_ur20_sim', 'cmake_prefix_path')
[5.060s] INFO:colcon.colcon_core.shell:Creating environment hook '/home/zech/robim_ur20_sim/install/robim_ur20_sim/share/robim_ur20_sim/hook/cmake_prefix_path.ps1'
[5.060s] INFO:colcon.colcon_core.shell:Creating environment descriptor '/home/zech/robim_ur20_sim/install/robim_ur20_sim/share/robim_ur20_sim/hook/cmake_prefix_path.dsv'
[5.060s] INFO:colcon.colcon_core.shell:Creating environment hook '/home/zech/robim_ur20_sim/install/robim_ur20_sim/share/robim_ur20_sim/hook/cmake_prefix_path.sh'
[5.061s] Level 1:colcon.colcon_core.environment:checking '/home/zech/robim_ur20_sim/install/robim_ur20_sim/lib'
[5.061s] Level 1:colcon.colcon_core.environment:checking '/home/zech/robim_ur20_sim/install/robim_ur20_sim/bin'
[5.061s] Level 1:colcon.colcon_core.environment:checking '/home/zech/robim_ur20_sim/install/robim_ur20_sim/lib/pkgconfig/robim_ur20_sim.pc'
[5.061s] Level 1:colcon.colcon_core.environment:checking '/home/zech/robim_ur20_sim/install/robim_ur20_sim/lib/python3.10/site-packages'
[5.062s] Level 1:colcon.colcon_core.environment:checking '/home/zech/robim_ur20_sim/install/robim_ur20_sim/bin'
[5.062s] INFO:colcon.colcon_core.shell:Creating package script '/home/zech/robim_ur20_sim/install/robim_ur20_sim/share/robim_ur20_sim/package.ps1'
[5.062s] INFO:colcon.colcon_core.shell:Creating package descriptor '/home/zech/robim_ur20_sim/install/robim_ur20_sim/share/robim_ur20_sim/package.dsv'
[5.063s] INFO:colcon.colcon_core.shell:Creating package script '/home/zech/robim_ur20_sim/install/robim_ur20_sim/share/robim_ur20_sim/package.sh'
[5.063s] INFO:colcon.colcon_core.shell:Creating package script '/home/zech/robim_ur20_sim/install/robim_ur20_sim/share/robim_ur20_sim/package.bash'
[5.063s] INFO:colcon.colcon_core.shell:Creating package script '/home/zech/robim_ur20_sim/install/robim_ur20_sim/share/robim_ur20_sim/package.zsh'
[5.063s] Level 1:colcon.colcon_core.environment:create_file_with_runtime_dependencies(/home/zech/robim_ur20_sim/install/robim_ur20_sim/share/colcon-core/packages/robim_ur20_sim)
[5.064s] DEBUG:colcon.colcon_parallel_executor.executor.parallel:closing loop
[5.064s] DEBUG:colcon.colcon_parallel_executor.executor.parallel:loop closed
[5.064s] DEBUG:colcon.colcon_parallel_executor.executor.parallel:run_until_complete finished with '0'
[5.064s] DEBUG:colcon.colcon_core.event_reactor:joining thread
[5.067s] INFO:colcon.colcon_core.plugin_system:Skipping extension 'colcon_notification.desktop_notification.terminal_notifier': Not used on non-Darwin systems
[5.067s] INFO:colcon.colcon_core.plugin_system:Skipping extension 'colcon_notification.desktop_notification.win32': Not used on non-Windows systems
[5.067s] INFO:colcon.colcon_notification.desktop_notification:Sending desktop notification using 'notify2'
[5.080s] DEBUG:colcon.colcon_core.event_reactor:joined thread
[5.080s] INFO:colcon.colcon_core.shell:Creating prefix script '/home/zech/robim_ur20_sim/install/local_setup.ps1'
[5.081s] INFO:colcon.colcon_core.shell:Creating prefix util module '/home/zech/robim_ur20_sim/install/_local_setup_util_ps1.py'
[5.082s] INFO:colcon.colcon_core.shell:Creating prefix chain script '/home/zech/robim_ur20_sim/install/setup.ps1'
[5.083s] INFO:colcon.colcon_core.shell:Creating prefix script '/home/zech/robim_ur20_sim/install/local_setup.sh'
[5.083s] INFO:colcon.colcon_core.shell:Creating prefix util module '/home/zech/robim_ur20_sim/install/_local_setup_util_sh.py'
[5.084s] INFO:colcon.colcon_core.shell:Creating prefix chain script '/home/zech/robim_ur20_sim/install/setup.sh'
[5.084s] INFO:colcon.colcon_core.shell:Creating prefix script '/home/zech/robim_ur20_sim/install/local_setup.bash'
[5.084s] INFO:colcon.colcon_core.shell:Creating prefix chain script '/home/zech/robim_ur20_sim/install/setup.bash'
[5.085s] INFO:colcon.colcon_core.shell:Creating prefix script '/home/zech/robim_ur20_sim/install/local_setup.zsh'
[5.085s] INFO:colcon.colcon_core.shell:Creating prefix chain script '/home/zech/robim_ur20_sim/install/setup.zsh'
