[0.006s] Invoking command in '/home/zech/robim_ur20_sim/build/ur20_sim': CMAKE_PREFIX_PATH=${CMAKE_PREFIX_PATH}:/home/zech/exia_ws/install/exia_driver:/home/zech/exia_ws/install/exia_control:/opt/ros/humble /usr/bin/cmake --build /home/zech/robim_ur20_sim/build/ur20_sim -- -j20 -l20
[0.052s] Consolidate compiler generated dependencies of target ur20_utils
[0.065s] [ 16%] Built target room_publisher
[0.069s] [ 25%] Building CXX object CMakeFiles/ur20_utils.dir/src/misc/utils.cpp.o
[4.185s] [ 33%] Linking CXX static library libur20_utils.a
[4.225s] [ 33%] Built target ur20_utils
[4.250s] [ 41%] Building CXX object CMakeFiles/axis_test.dir/src/calibration_tests/axis_test.cpp.o
[4.253s] [ 50%] Building CXX object CMakeFiles/main_sweep.dir/src/main.cpp.o
[4.254s] [ 58%] Building CXX object CMakeFiles/sweep_mover.dir/src/calibration_tests/sweep_mover.cpp.o
[4.254s] [ 66%] Building CXX object CMakeFiles/tcp_orientate.dir/src/calibration_tests/tcp_orientate.cpp.o
[7.015s] /home/zech/robim_ur20_sim/src/ur20_sim/src/main.cpp: In member function ‘std::vector<MainSweep::Step> MainSweep::buildScript(const Quaternion&, const Quaternion&)’:
[7.015s] /home/zech/robim_ur20_sim/src/ur20_sim/src/main.cpp:73:19: warning: missing initializer for member ‘MainSweep::Step::seed’ [-Wmissing-field-initializers]
[7.015s]    73 |   script.push_back({Step::MOVE,  utils::makePose(x, start, z_top, q1),            "sweep start"});
[7.015s]       |   ~~~~~~~~~~~~~~~~^~~~~~~~~~~~~~~~~~~~~~~~~~~~~~~~~~~~~~~~~~~~~~~~~~~~~~~~~~~~~~~~~~~~~~~~~~~~~~~
[7.015s] /home/zech/robim_ur20_sim/src/ur20_sim/src/main.cpp:74:19: warning: missing initializer for member ‘MainSweep::Step::seed’ [-Wmissing-field-initializers]
[7.015s]    74 |   script.push_back({Step::SWEEP, utils::makePose(x, end,   z_top, q1),            "top sweep"});
[7.015s]       |   ~~~~~~~~~~~~~~~~^~~~~~~~~~~~~~~~~~~~~~~~~~~~~~~~~~~~~~~~~~~~~~~~~~~~~~~~~~~~~~~~~~~~~~~~~~~~~
[7.015s] /home/zech/robim_ur20_sim/src/ur20_sim/src/main.cpp:79:19: warning: missing initializer for member ‘MainSweep::Step::seed’ [-Wmissing-field-initializers]
[7.015s]    79 |   script.push_back({Step::SWEEP, utils::makePose(x - 0.1, end,   z_side, q2),     "side sweep"});
[7.015s]       |   ~~~~~~~~~~~~~~~~^~~~~~~~~~~~~~~~~~~~~~~~~~~~~~~~~~~~~~~~~~~~~~~~~~~~~~~~~~~~~~~~~~~~~~~~~~~~~~
[8.734s] [ 75%] Linking CXX executable axis_test
[8.746s] [ 83%] Linking CXX executable sweep_mover
[8.761s] [ 91%] Linking CXX executable tcp_orientate
[8.767s] [100%] Linking CXX executable main_sweep
[8.953s] [100%] Built target axis_test
[8.971s] [100%] Built target sweep_mover
[8.983s] [100%] Built target tcp_orientate
[8.997s] [100%] Built target main_sweep
[9.004s] Invoked command in '/home/zech/robim_ur20_sim/build/ur20_sim' returned '0': CMAKE_PREFIX_PATH=${CMAKE_PREFIX_PATH}:/home/zech/exia_ws/install/exia_driver:/home/zech/exia_ws/install/exia_control:/opt/ros/humble /usr/bin/cmake --build /home/zech/robim_ur20_sim/build/ur20_sim -- -j20 -l20
[9.015s] Invoking command in '/home/zech/robim_ur20_sim/build/ur20_sim': CMAKE_PREFIX_PATH=${CMAKE_PREFIX_PATH}:/home/zech/exia_ws/install/exia_driver:/home/zech/exia_ws/install/exia_control:/opt/ros/humble /usr/bin/cmake --install /home/zech/robim_ur20_sim/build/ur20_sim
[9.024s] -- Install configuration: ""
[9.024s] -- Execute custom install script
[9.025s] -- Up-to-date symlink: /home/zech/robim_ur20_sim/install/ur20_sim/lib/ur20_sim/main_sweep
[9.025s] -- Up-to-date symlink: /home/zech/robim_ur20_sim/install/ur20_sim/lib/ur20_sim/sweep_mover
[9.025s] -- Up-to-date symlink: /home/zech/robim_ur20_sim/install/ur20_sim/lib/ur20_sim/room_publisher
[9.025s] -- Up-to-date symlink: /home/zech/robim_ur20_sim/install/ur20_sim/lib/ur20_sim/tcp_orientate
[9.026s] -- Up-to-date symlink: /home/zech/robim_ur20_sim/install/ur20_sim/lib/ur20_sim/axis_test
[9.026s] -- Up-to-date symlink: /home/zech/robim_ur20_sim/install/ur20_sim/share/ur20_sim/launch/axis_test.launch.py
[9.026s] -- Up-to-date symlink: /home/zech/robim_ur20_sim/install/ur20_sim/share/ur20_sim/launch/main.launch.py
[9.026s] -- Up-to-date symlink: /home/zech/robim_ur20_sim/install/ur20_sim/share/ur20_sim/launch/sim.launch.py
[9.026s] -- Up-to-date symlink: /home/zech/robim_ur20_sim/install/ur20_sim/share/ur20_sim/launch/sweep.launch.py
[9.027s] -- Up-to-date symlink: /home/zech/robim_ur20_sim/install/ur20_sim/share/ur20_sim/launch/tcp_orientate.launch.py
[9.027s] -- Up-to-date symlink: /home/zech/robim_ur20_sim/install/ur20_sim/share/ur20_sim/config/axis_test.yaml
[9.027s] -- Up-to-date symlink: /home/zech/robim_ur20_sim/install/ur20_sim/share/ur20_sim/config/initial_positions.yaml
[9.027s] -- Up-to-date symlink: /home/zech/robim_ur20_sim/install/ur20_sim/share/ur20_sim/config/main_sweep.yaml
[9.027s] -- Up-to-date symlink: /home/zech/robim_ur20_sim/install/ur20_sim/share/ur20_sim/config/room.yaml
[9.027s] -- Up-to-date symlink: /home/zech/robim_ur20_sim/install/ur20_sim/share/ur20_sim/config/sweep.yaml
[9.028s] -- Up-to-date symlink: /home/zech/robim_ur20_sim/install/ur20_sim/share/ur20_sim/config/tcp_orientate.yaml
[9.028s] -- Up-to-date symlink: /home/zech/robim_ur20_sim/install/ur20_sim/share/ur20_sim/config/ur20/default_kinematics.yaml
[9.028s] -- Up-to-date symlink: /home/zech/robim_ur20_sim/install/ur20_sim/share/ur20_sim/config/ur20/joint_limits.yaml
[9.028s] -- Up-to-date symlink: /home/zech/robim_ur20_sim/install/ur20_sim/share/ur20_sim/config/ur20/physical_parameters.yaml
[9.028s] -- Up-to-date symlink: /home/zech/robim_ur20_sim/install/ur20_sim/share/ur20_sim/config/ur20/visual_parameters.yaml
[9.028s] -- Up-to-date symlink: /home/zech/robim_ur20_sim/install/ur20_sim/share/ur20_sim/config/ur20_calibration.yaml
[9.028s] -- Up-to-date symlink: /home/zech/robim_ur20_sim/install/ur20_sim/share/ur20_sim/urdf/ur20_parked.urdf.xacro
[9.028s] -- Up-to-date symlink: /home/zech/robim_ur20_sim/install/ur20_sim/share/ament_index/resource_index/package_run_dependencies/ur20_sim
[9.028s] -- Up-to-date symlink: /home/zech/robim_ur20_sim/install/ur20_sim/share/ament_index/resource_index/parent_prefix_path/ur20_sim
[9.029s] -- Up-to-date symlink: /home/zech/robim_ur20_sim/install/ur20_sim/share/ur20_sim/environment/ament_prefix_path.sh
[9.029s] -- Up-to-date symlink: /home/zech/robim_ur20_sim/install/ur20_sim/share/ur20_sim/environment/ament_prefix_path.dsv
[9.029s] -- Up-to-date symlink: /home/zech/robim_ur20_sim/install/ur20_sim/share/ur20_sim/environment/path.sh
[9.029s] -- Up-to-date symlink: /home/zech/robim_ur20_sim/install/ur20_sim/share/ur20_sim/environment/path.dsv
[9.029s] -- Up-to-date symlink: /home/zech/robim_ur20_sim/install/ur20_sim/share/ur20_sim/local_setup.bash
[9.029s] -- Up-to-date symlink: /home/zech/robim_ur20_sim/install/ur20_sim/share/ur20_sim/local_setup.sh
[9.029s] -- Up-to-date symlink: /home/zech/robim_ur20_sim/install/ur20_sim/share/ur20_sim/local_setup.zsh
[9.029s] -- Up-to-date symlink: /home/zech/robim_ur20_sim/install/ur20_sim/share/ur20_sim/local_setup.dsv
[9.029s] -- Symlinking: /home/zech/robim_ur20_sim/install/ur20_sim/share/ur20_sim/package.dsv
[9.039s] -- Up-to-date symlink: /home/zech/robim_ur20_sim/install/ur20_sim/share/ament_index/resource_index/packages/ur20_sim
[9.039s] -- Up-to-date symlink: /home/zech/robim_ur20_sim/install/ur20_sim/share/ur20_sim/cmake/ur20_simConfig.cmake
[9.039s] -- Up-to-date symlink: /home/zech/robim_ur20_sim/install/ur20_sim/share/ur20_sim/cmake/ur20_simConfig-version.cmake
[9.039s] -- Up-to-date symlink: /home/zech/robim_ur20_sim/install/ur20_sim/share/ur20_sim/package.xml
[9.041s] Invoked command in '/home/zech/robim_ur20_sim/build/ur20_sim' returned '0': CMAKE_PREFIX_PATH=${CMAKE_PREFIX_PATH}:/home/zech/exia_ws/install/exia_driver:/home/zech/exia_ws/install/exia_control:/opt/ros/humble /usr/bin/cmake --install /home/zech/robim_ur20_sim/build/ur20_sim
