[0.006s] Invoking command in '/home/zech/robim_ur20_sim/build/robim_ur20_sim': CMAKE_PREFIX_PATH=${CMAKE_PREFIX_PATH}:/home/zech/exia_ws/install/exia_driver:/home/zech/exia_ws/install/exia_control:/opt/ros/humble /usr/bin/cmake /home/zech/robim_ur20_sim/src/robim_ur20_sim -DAMENT_CMAKE_SYMLINK_INSTALL=1 -DCMAKE_INSTALL_PREFIX=/home/zech/robim_ur20_sim/install/robim_ur20_sim
[0.016s] -- Found ament_cmake: 1.3.14 (/opt/ros/humble/share/ament_cmake/cmake)
[0.100s] -- Override CMake install command with custom implementation using symlinks instead of copying resources
[0.104s] -- Found rclcpp: 16.0.19 (/opt/ros/humble/share/rclcpp/cmake)
[0.120s] -- Found rosidl_generator_c: 3.1.9 (/opt/ros/humble/share/rosidl_generator_c/cmake)
[0.121s] -- Found rosidl_adapter: 3.1.9 (/opt/ros/humble/share/rosidl_adapter/cmake)
[0.124s] -- Found rosidl_generator_cpp: 3.1.9 (/opt/ros/humble/share/rosidl_generator_cpp/cmake)
[0.129s] -- Using all available rosidl_typesupport_c: rosidl_typesupport_fastrtps_c;rosidl_typesupport_introspection_c
[0.136s] -- Using all available rosidl_typesupport_cpp: rosidl_typesupport_fastrtps_cpp;rosidl_typesupport_introspection_cpp
[0.153s] -- Found rmw_implementation_cmake: 6.1.3 (/opt/ros/humble/share/rmw_implementation_cmake/cmake)
[0.154s] -- Found rmw_fastrtps_cpp: 6.2.10 (/opt/ros/humble/share/rmw_fastrtps_cpp/cmake)
[0.219s] -- Using RMW implementation 'rmw_fastrtps_cpp' as default
[0.246s] -- Found moveit_ros_planning_interface: 2.5.9 (/opt/ros/humble/share/moveit_ros_planning_interface/cmake)
[0.252s] -- Found Boost: /usr/lib/x86_64-linux-gnu/cmake/Boost-1.74.0/BoostConfig.cmake (found version "1.74.0") found components: date_time filesystem program_options system thread 
[0.339s] -- Found Boost: /usr/lib/x86_64-linux-gnu/cmake/Boost-1.74.0/BoostConfig.cmake (found version "1.74.0") found components: chrono date_time filesystem iostreams program_options regex serialization system thread 
[0.352s] -- Found parameter_traits: 0.7.5 (/opt/ros/humble/share/parameter_traits/cmake)
[0.356s] -- Found rclcpp_lifecycle: 16.0.19 (/opt/ros/humble/share/rclcpp_lifecycle/cmake)
[0.388s] -- library: /usr/lib/x86_64-linux-gnu/libcurl.so
[0.402s] -- Ensuring Eigen3 include directory is part of orocos-kdl CMake target
[0.463s] -- Found Boost: /usr/lib/x86_64-linux-gnu/cmake/Boost-1.74.0/BoostConfig.cmake (found version "1.74.0") found components: system filesystem date_time program_options thread chrono 
[0.480s] -- Found Boost: /usr/lib/x86_64-linux-gnu/cmake/Boost-1.74.0/BoostConfig.cmake (found version "1.74.0") found components: thread system filesystem regex date_time program_options 
[0.491s] -- Found Boost: /usr/lib/x86_64-linux-gnu/cmake/Boost-1.74.0/BoostConfig.cmake (found version "1.74.0") found components: system filesystem date_time program_options thread 
[0.559s] -- Configuring done
[0.577s] -- Generating done
[0.583s] -- Build files have been written to: /home/zech/robim_ur20_sim/build/robim_ur20_sim
[0.591s] Invoked command in '/home/zech/robim_ur20_sim/build/robim_ur20_sim' returned '0': CMAKE_PREFIX_PATH=${CMAKE_PREFIX_PATH}:/home/zech/exia_ws/install/exia_driver:/home/zech/exia_ws/install/exia_control:/opt/ros/humble /usr/bin/cmake /home/zech/robim_ur20_sim/src/robim_ur20_sim -DAMENT_CMAKE_SYMLINK_INSTALL=1 -DCMAKE_INSTALL_PREFIX=/home/zech/robim_ur20_sim/install/robim_ur20_sim
[0.591s] Invoking command in '/home/zech/robim_ur20_sim/build/robim_ur20_sim': CMAKE_PREFIX_PATH=${CMAKE_PREFIX_PATH}:/home/zech/exia_ws/install/exia_driver:/home/zech/exia_ws/install/exia_control:/opt/ros/humble /usr/bin/cmake --build /home/zech/robim_ur20_sim/build/robim_ur20_sim -- -j20 -l20
[0.632s] Consolidate compiler generated dependencies of target waypoint_mover
[0.640s] [ 25%] Building CXX object CMakeFiles/sweep_mover.dir/src/sweep_mover.cpp.o
[0.650s] [ 75%] Built target waypoint_mover
[4.768s] [100%] Linking CXX executable sweep_mover
[4.952s] [100%] Built target sweep_mover
[4.960s] Invoked command in '/home/zech/robim_ur20_sim/build/robim_ur20_sim' returned '0': CMAKE_PREFIX_PATH=${CMAKE_PREFIX_PATH}:/home/zech/exia_ws/install/exia_driver:/home/zech/exia_ws/install/exia_control:/opt/ros/humble /usr/bin/cmake --build /home/zech/robim_ur20_sim/build/robim_ur20_sim -- -j20 -l20
[4.966s] Invoking command in '/home/zech/robim_ur20_sim/build/robim_ur20_sim': CMAKE_PREFIX_PATH=${CMAKE_PREFIX_PATH}:/home/zech/exia_ws/install/exia_driver:/home/zech/exia_ws/install/exia_control:/opt/ros/humble /usr/bin/cmake --install /home/zech/robim_ur20_sim/build/robim_ur20_sim
[4.971s] -- Install configuration: ""
[4.971s] -- Execute custom install script
[4.972s] -- Up-to-date symlink: /home/zech/robim_ur20_sim/install/robim_ur20_sim/lib/robim_ur20_sim/waypoint_mover
[4.972s] -- Symlinking: /home/zech/robim_ur20_sim/install/robim_ur20_sim/lib/robim_ur20_sim/sweep_mover
[4.979s] -- Up-to-date symlink: /home/zech/robim_ur20_sim/install/robim_ur20_sim/share/robim_ur20_sim/launch/move_waypoints.launch.py
[4.979s] -- Up-to-date symlink: /home/zech/robim_ur20_sim/install/robim_ur20_sim/share/robim_ur20_sim/launch/sim.launch.py
[4.979s] -- Symlinking: /home/zech/robim_ur20_sim/install/robim_ur20_sim/share/robim_ur20_sim/launch/sweep.launch.py
[4.986s] -- Symlinking: /home/zech/robim_ur20_sim/install/robim_ur20_sim/share/robim_ur20_sim/config/sweep.yaml
[4.993s] -- Up-to-date symlink: /home/zech/robim_ur20_sim/install/robim_ur20_sim/share/robim_ur20_sim/config/waypoints.yaml
[4.993s] -- Up-to-date symlink: /home/zech/robim_ur20_sim/install/robim_ur20_sim/share/ament_index/resource_index/package_run_dependencies/robim_ur20_sim
[4.993s] -- Up-to-date symlink: /home/zech/robim_ur20_sim/install/robim_ur20_sim/share/ament_index/resource_index/parent_prefix_path/robim_ur20_sim
[4.993s] -- Up-to-date symlink: /home/zech/robim_ur20_sim/install/robim_ur20_sim/share/robim_ur20_sim/environment/ament_prefix_path.sh
[4.993s] -- Up-to-date symlink: /home/zech/robim_ur20_sim/install/robim_ur20_sim/share/robim_ur20_sim/environment/ament_prefix_path.dsv
[4.993s] -- Up-to-date symlink: /home/zech/robim_ur20_sim/install/robim_ur20_sim/share/robim_ur20_sim/environment/path.sh
[4.993s] -- Up-to-date symlink: /home/zech/robim_ur20_sim/install/robim_ur20_sim/share/robim_ur20_sim/environment/path.dsv
[4.993s] -- Up-to-date symlink: /home/zech/robim_ur20_sim/install/robim_ur20_sim/share/robim_ur20_sim/local_setup.bash
[4.993s] -- Up-to-date symlink: /home/zech/robim_ur20_sim/install/robim_ur20_sim/share/robim_ur20_sim/local_setup.sh
[4.994s] -- Up-to-date symlink: /home/zech/robim_ur20_sim/install/robim_ur20_sim/share/robim_ur20_sim/local_setup.zsh
[4.994s] -- Up-to-date symlink: /home/zech/robim_ur20_sim/install/robim_ur20_sim/share/robim_ur20_sim/local_setup.dsv
[4.994s] -- Symlinking: /home/zech/robim_ur20_sim/install/robim_ur20_sim/share/robim_ur20_sim/package.dsv
[5.000s] -- Up-to-date symlink: /home/zech/robim_ur20_sim/install/robim_ur20_sim/share/ament_index/resource_index/packages/robim_ur20_sim
[5.000s] -- Up-to-date symlink: /home/zech/robim_ur20_sim/install/robim_ur20_sim/share/robim_ur20_sim/cmake/robim_ur20_simConfig.cmake
[5.001s] -- Up-to-date symlink: /home/zech/robim_ur20_sim/install/robim_ur20_sim/share/robim_ur20_sim/cmake/robim_ur20_simConfig-version.cmake
[5.001s] -- Up-to-date symlink: /home/zech/robim_ur20_sim/install/robim_ur20_sim/share/robim_ur20_sim/package.xml
[5.002s] Invoked command in '/home/zech/robim_ur20_sim/build/robim_ur20_sim' returned '0': CMAKE_PREFIX_PATH=${CMAKE_PREFIX_PATH}:/home/zech/exia_ws/install/exia_driver:/home/zech/exia_ws/install/exia_control:/opt/ros/humble /usr/bin/cmake --install /home/zech/robim_ur20_sim/build/robim_ur20_sim
