[0.007s] Invoking command in '/home/zech/robim_ur20_sim/build/robim_ur20_sim': CMAKE_PREFIX_PATH=${CMAKE_PREFIX_PATH}:/home/zech/exia_ws/install/exia_driver:/home/zech/exia_ws/install/exia_control:/opt/ros/humble /usr/bin/cmake --build /home/zech/robim_ur20_sim/build/robim_ur20_sim -- -j20 -l20
[0.048s] Consolidate compiler generated dependencies of target sweep_mover
[0.053s] [ 50%] Built target room_publisher
[0.062s] [ 75%] Building CXX object CMakeFiles/sweep_mover.dir/src/sweep_mover.cpp.o
[4.091s] [100%] Linking CXX executable sweep_mover
[4.271s] [100%] Built target sweep_mover
[4.278s] Invoked command in '/home/zech/robim_ur20_sim/build/robim_ur20_sim' returned '0': CMAKE_PREFIX_PATH=${CMAKE_PREFIX_PATH}:/home/zech/exia_ws/install/exia_driver:/home/zech/exia_ws/install/exia_control:/opt/ros/humble /usr/bin/cmake --build /home/zech/robim_ur20_sim/build/robim_ur20_sim -- -j20 -l20
[4.286s] Invoking command in '/home/zech/robim_ur20_sim/build/robim_ur20_sim': CMAKE_PREFIX_PATH=${CMAKE_PREFIX_PATH}:/home/zech/exia_ws/install/exia_driver:/home/zech/exia_ws/install/exia_control:/opt/ros/humble /usr/bin/cmake --install /home/zech/robim_ur20_sim/build/robim_ur20_sim
[4.291s] -- Install configuration: ""
[4.291s] -- Execute custom install script
[4.291s] -- Up-to-date symlink: /home/zech/robim_ur20_sim/install/robim_ur20_sim/lib/robim_ur20_sim/sweep_mover
[4.291s] -- Up-to-date symlink: /home/zech/robim_ur20_sim/install/robim_ur20_sim/lib/robim_ur20_sim/room_publisher
[4.292s] -- Up-to-date symlink: /home/zech/robim_ur20_sim/install/robim_ur20_sim/share/robim_ur20_sim/launch/sim.launch.py
[4.292s] -- Up-to-date symlink: /home/zech/robim_ur20_sim/install/robim_ur20_sim/share/robim_ur20_sim/launch/sweep.launch.py
[4.292s] -- Up-to-date symlink: /home/zech/robim_ur20_sim/install/robim_ur20_sim/share/robim_ur20_sim/config/room.yaml
[4.292s] -- Up-to-date symlink: /home/zech/robim_ur20_sim/install/robim_ur20_sim/share/robim_ur20_sim/config/sweep.yaml
[4.292s] -- Up-to-date symlink: /home/zech/robim_ur20_sim/install/robim_ur20_sim/share/ament_index/resource_index/package_run_dependencies/robim_ur20_sim
[4.292s] -- Up-to-date symlink: /home/zech/robim_ur20_sim/install/robim_ur20_sim/share/ament_index/resource_index/parent_prefix_path/robim_ur20_sim
[4.292s] -- Up-to-date symlink: /home/zech/robim_ur20_sim/install/robim_ur20_sim/share/robim_ur20_sim/environment/ament_prefix_path.sh
[4.292s] -- Up-to-date symlink: /home/zech/robim_ur20_sim/install/robim_ur20_sim/share/robim_ur20_sim/environment/ament_prefix_path.dsv
[4.292s] -- Up-to-date symlink: /home/zech/robim_ur20_sim/install/robim_ur20_sim/share/robim_ur20_sim/environment/path.sh
[4.293s] -- Up-to-date symlink: /home/zech/robim_ur20_sim/install/robim_ur20_sim/share/robim_ur20_sim/environment/path.dsv
[4.293s] -- Up-to-date symlink: /home/zech/robim_ur20_sim/install/robim_ur20_sim/share/robim_ur20_sim/local_setup.bash
[4.293s] -- Up-to-date symlink: /home/zech/robim_ur20_sim/install/robim_ur20_sim/share/robim_ur20_sim/local_setup.sh
[4.293s] -- Up-to-date symlink: /home/zech/robim_ur20_sim/install/robim_ur20_sim/share/robim_ur20_sim/local_setup.zsh
[4.293s] -- Up-to-date symlink: /home/zech/robim_ur20_sim/install/robim_ur20_sim/share/robim_ur20_sim/local_setup.dsv
[4.293s] -- Symlinking: /home/zech/robim_ur20_sim/install/robim_ur20_sim/share/robim_ur20_sim/package.dsv
[4.301s] -- Up-to-date symlink: /home/zech/robim_ur20_sim/install/robim_ur20_sim/share/ament_index/resource_index/packages/robim_ur20_sim
[4.302s] -- Up-to-date symlink: /home/zech/robim_ur20_sim/install/robim_ur20_sim/share/robim_ur20_sim/cmake/robim_ur20_simConfig.cmake
[4.302s] -- Up-to-date symlink: /home/zech/robim_ur20_sim/install/robim_ur20_sim/share/robim_ur20_sim/cmake/robim_ur20_simConfig-version.cmake
[4.302s] -- Up-to-date symlink: /home/zech/robim_ur20_sim/install/robim_ur20_sim/share/robim_ur20_sim/package.xml
[4.304s] Invoked command in '/home/zech/robim_ur20_sim/build/robim_ur20_sim' returned '0': CMAKE_PREFIX_PATH=${CMAKE_PREFIX_PATH}:/home/zech/exia_ws/install/exia_driver:/home/zech/exia_ws/install/exia_control:/opt/ros/humble /usr/bin/cmake --install /home/zech/robim_ur20_sim/build/robim_ur20_sim
